[   .000000] Luxversio4.5.0-64-generic (buildd@lgw01-amd64-038) (gcc version 7.4.0 (Ubuntu 7.4.0-1ubuntu1~18.04.1)) #73-Ubuntu SMP Thu Sep 12 13:16:13 UTC 2019 (Ubuntu 4.15.0-64.73-generic 4.15.18)
[    0.000000] Command line: BOOT_IMAGE=/boot/vmlinuz-4.15.0-64-generic root=UUID=c96d8c50-ee80-4ac7-84c9-80244f1234dcroonsolety1 console=ttyS0
[    0.000000] KERNEL supported cpus:
[    0.000000]   Intel GenuineIntel
[    0.000000]   AMD AuthenticAMD
[    0.000000]   Centaur CentaurHauls
[    0.000000] x86/fpu: Supporting XSAVE featue 0x001: 'x87 floating point registers'
[    0.000000] x86/fpu: Supporting XSAVE feature 0x002: 'SSE registers'
[    0.000000] x86/fpu: Supporting XSAVE feature 0x004: 'AVX registers'
[    0.000000] x86/fpu: xstate_offset[2]:  576, xstate_sizes[2]:  256
[  0.00000] x86/fpu: Enabled xstate features 0x7, context size is 832 bytes, using 'standard' format.
[    0.000000] e820: BIOS-provided physical RAM map:
[    0.000000] BIOS-e820: [mem 0x0000000000000000-0x000000000009fbff] usable
[    0.000000] BIOS-e820: em 0x000000000009fc00-0x000000000009ffff] reserved
   0.00000] IOS-e820: [mm x0000000000f000xx000000000fffff] reserved
[    0.000000] BIOS-e820: me 000000000001000-000000003ffeff] usab
    0.0000 BIOS-e820: [m 0000000003fff00-0000000003fffff]  ACPI da
[    0.000000] BIOS-e820: [mem 0x00000000fec0000-00000000fec00fff] reserved
[    0.0000] BOS-e820: [mem 0x00000000fee00000-0x00000000fee00fff] reserved
[    0.000000] BIOS-e820: [mem 0x00000000fffc0000-0x00000000ffffffff] reserved
[    0.000000] NX (Execute Disable) protection: active
[    0.000000] SMBIOS 2.5 present.
[    0.000000] DMI: innotek GmbH VirtualBox/VirtualBox, BIOS VirtualBox 12/1/2006
[    0.000000] Hypervisor detected: KVM
    0.0000] 820: lastfn = 0xff0 ax_arch_fn= 0x400000000
[    0.000000] MTRR: Disabled
[    0.000000] x86/PAT: MTRRs dabed, skipping PAT itialiatiotoo.
[    .0000] CPU MTRRs all blank - virtualized system.
[    0.000000] x86/PAT: Configuration [0-7]: WB  WT  UC- UC  WB  WT  UC- UC  
[    0.000000] found SMP MP-table at [mem 0x0009fff0-0x0009ffff]
[    0.000000] Scanning 1 areas for low memory corruption
[    0.000000] RAMDISK: [mem 0x35983000-0x36cb8fff]
[    0.000000] ACPI: Early table checksum verification disabled
[    0.000000] ACPI: RSDP 0x00000000000E0000 000024 (v02 VBOX  )
[    0.000000] ACPI: XSDT 0x000000003FFF0030 00003C (v01 VOX  VBOXSD 0000001 ASL  00000061)
[    0.000000] ACPI: FACP 0x000000003FFF00F0 0000F4 (v04 VBOX   VBOXFACP 00000001 ASL  00000061)
[    0.000000] ACPI: DSDT 0x000000003FFF0470 0021FF (v02 VBX  VBOBIOS 00002 INT 201058)
[    0.0000]ACPI: AC 00000003FF0200 000040
[    0.000000] ACPI: FACS 0x000000003FFF0200 000040
[    0.000000] ACPI: APIC 0x000000003FFF0240 00005C (v02 VBOX   VBOXAPIC 00000001 ASL  00000061)
[    0.000000] ACPI: SSDT 0x000000003FFF02A0 00CC(v01 VX  VBOXCPUT 00000002 INTL 20100528)
[    0.000000] No NUMA configuration found
[    0.000000] Faking a node at [mem 0x0000000000000000-0x000000003ffeffff]
[    0.000000] NODE_DATA(0) allocated [mem 0x3ffc5000-0x3ffeffff]
[    0.000000] kvm-clock: cpu 0, msr 0:3ff44001, primary cpu clock
[    0.000000] kvm-cloock: Using msrs 4b564d01 and 4b564d00
[    0.000000] kvm-clock: using sched offset of 4259371588 cycles
[    0.000000] clocksource: kvm-clock: mask: 0xffffffffffffffff max_cycles: 0x1cd42e4dffb, max_idle_ns: 881590591483 ns
[    0.000000] Zone ranges:
[    0.000000]   DMA      [mem 0x0000000000001000-0x0000000000ffffff]
[    0.000000]   DMA32    [mem 0x0000000001000000-0x000000003ffeffff]
[    0.000000]   Normal   empty
[    0.000000]   Device   empty
[    0.000000] Movable zone start for each node
[    0.000000] Early memory node ranges
[    0.000000]   node   0: [mem 0x0000000000001000-0x000000000009efff]
[    0.000000]   node   0: [mem 0x0000000000100000-0x000000003ffeffff]
[    0.000000] Reserved but unavailable: 98 pages
[    0.000000] Initmem setup node 0 [mem 0x0000000000001000-0x000000003ffeffff]
[    0.000000] ACPI: PM-Timer IO Port: 0x4008
[    0.000000] IOAPIC[0]: apic_id 2, version 32, address 0xfec00000, GSI 0-23
[    0.000000] ACPI: INT_SRC_OVR (bus 0 bus_irq 0 global_irq 2 dfl dfl)
[    0.000000] ACPI: INT_SRC_OVR (bus 0 bus_irq 9 glba_irq 9 low level)
[    0.000000] Using ACPI (MADT) for SMP configuration information
[    0.000000] smpboot: Allowing 2 CPUs0 otplug CPUs
[    0.000000] PM: Registered nosave memory: [mem 0x00000000-0x00000fff]
[    0.000000] PM: Registered nosave memory: [mem 0x0009f000-0x0009ffff]
[    0.00000 PM: Registered nosave memory: [mem 0x000a0000-0x000efff]
[    0.000000PM Registered nosave memory: [mem 0x000f0000-0x000fffff]
[    0.000000] e820: [mem 0x40000000-0xfebfffff] available for PCI devices
[    0.000000] Booting paravirtualized kernel on KVM
[    0.000000] clocksource: refined-jiffies: mask: 0xffffffff max_cycles: 0xffffffff, max_idle_ns: 765596002115 n
[    0.000000] random: get_random_bytes called from start_kernel+0x99/0x4fd with crng_init=0
[    0.000000] setup_percpu: NR_CPUS:8192 nr_cpumask_bits:2 nr_cpu_ids:2 nr_node_ids:1
[    0.000000] percpu: Embedded 46 pages/cpu s151552 r8192 d28672 u1048576
[    0.000000] PV qspinlock hash table entries: 256 (order: 0, 4096 bytes)
[    0.000000] Built 1 zonelists, mobility grouping on.  Total pages: 257913
[    0.000000] Policy zone: DMA32
[    0.000000] Kernel command line: BOOT_IMAGE=/boot/vmlinuz-4.15.0-64-generic root=UUID=c96d8c50-ee80-4ac7-84c9-80244f1234dc ro console=tty1 console=ttyS0
[    0.000000] Memory: 982912K/1048120K available (12300K kernel code, 2481K rwdata, 4172K rodata, 2436K init, 2384K bss, 65208K reserved, 0K cma-reserved)
[    0.000000] SLUB: HWalign=64, Order=0-3, MinObjects=0, CPUs=2, Nodes=1
[    0.000000] Kernel/User page tables isolation: enabled
[    0.000000] ftrace: allocating 39306 entries in 154 pages
[    0.004000] Hierarchical RCU implementation.
[    0.004000] 	RCU restricting CPUs from NR_CPUS=8192 to nr_cpu_ids=2.
[    0.004000] 	Tasks RCU enabled.
[    0.00000] RCU: Adjusting geometry for rcu_fanout_leaf=16, nr_cpu_ids=2
[    0.004000] NR_IRQS: 524544, nr_irqs: 440, preallocated irqs: 16
[    0.004000] Console: colour VGA+ 80x25
[    0.004000] console [tty1] enabled
[    0.004000] console [ttyS0] enabled
[    0.004000] ACPI: Core revision 20170831
[    0.004000] ACPI: 2 ACPI AML tables successfully acquired and loaded
[    0.004000] APIC: Switch to symmetric I/O mode setup
[    0.004000] x2apic enabled
[    0.004000] Switched APIC routing to physical x2apic.
[    0.005179] ..TIMER: vector=0x30 apic1=0 pin1=2 apic2=-1 pin2=-1
[    0.008009] tsc: Detected 1607.999 MHz processor
[     0.009572] Calibrating delay loop (skipped) preset value.. 3215.99 BogoMIPS (lpj=6431996)
[    0.012004] pid_max: default: 32768 minimum: 301
[    0.013476] Security Framework initialized
[    0.016003] Yama: becoming mindful.
[    0.017133] AppArmor: AppArmor initialized
[    0.020061] Dentry cache hash table entries: 131072 (order: 8, 1048576 bytes)
[    0.024151] Inode-cache hash table entries: 65536 (order: 7, 524288 bytes)
[    0.028022] Mount-cache hash table entries: 2048 (order: 2, 16384 bytes)
[    0.030218] Mountpoint-cache hash table entries: 2048 (order: 2, 16384 bytes)
[    0.032264] Last level iTLB entries: 4KB 64, 2MB 8, 4MB 8
[    0.033931] Last level dTLB entries: 4KB 64, 2MB 0, 4MB 0, 1GB 4
[    0.036005] Spectre V1 : Mitigation: usercopy/swapgs barriers and __user pointer sanitization
[    0.040007] Spectre V2 : Mitigation: Full generic retpoline
[    0.041677] Spectre V2 : Spectre v2 / SpectreRSB mitigation: Filling RSB on context switch
[    0.044003] Speculative Store Bypass: Vulnerable
[    0.045316] MDS: Vulnerable: Clear CPU buffers attempted, no microcode
[    0.048159] Freeing SMP alternatives memory: 36K
[    0.056000] smpboot: CPU0: Intel(R) Core(TM) i5-8210Y CPU @ 1.60GHz (family: 0x6, model: 0x8e, stepping: 0x9)
[    0.056090] Performance Events: unsupported p6 CPU model 142 no PMU driver, software events only.
[    0.060038] Hierarchical SRCU implementation.
[    0.064537] NMI watchdog: Perf event create on CPU 0 failed with -2
[    0.068003] NMI watchdog: Perf NMI watchdog permanently disabled
[    0.070001] smp: Bringing up secondary CPUs ...
[    0.072093] x86: Booting SMP configuration:
[    0.076002] .... node  #0, CPUs:      #1
[    0.004000] kvm-clock: cpu 1, msr 0:3ff44041, secondary cpu clock
[    0.083639] smp: Brought up 1 node, 2 CPUs
[    0.084005] smpboot: Max logical packages: 1
[    0.088004] smpboot: Total of 2 processors activated (6431.99 BogoMIPS)
[    0.092003] devtmpfs: initialized
[    0.096054] x86/mm: Memory block size: 128MB
[    0.097611] evm: security.selinux
[    0.100003] evm: security.SMACK64
[    0.104002] evm: security.SMACK64EXEC
[    0.108002] evm: security.SMACK64TRANSMUTE
[    0.109357] evm: security.SMACK64MMAP
[    0.112003] evm: security.apparmor
[    0.116003] evm: security.ima
[    0.117029] evm: security.capability
[    0.124011] clocksource: jiffies: mask: 0xffffffff max_cycles: 0xffffffff, max_idle_ns: 7645041785100000 ns
[    0.128009] futex hash table entries: 512 (order: 3, 32768 bytes)
[    0.133528] pinctrl core: initialized pinctrl subsystem
[    0.136127] RTC time:  2:26:49, date: 09/21/19
[    0.140217] NET: Registered protocol family 16
[    0.141765] audit: initializing netlink subsys (disabled)
[    0.144040] audit: type=2000 audit(1569032812.541:1): state=initialized audit_enabled=0 res=1
[    0.192011] cpuidle: using governor ladder
[    0.193068] cpuidle: using governor menu
[    0.194472] ACPI: bus type PCI registered
[    0.195550] acpiphp: ACPI Hot Plug PCI Controller Driver version: 0.5
[    0.196156] PCI: Using configuration type 1 for base access
[    0.200970] HugeTLB registered 2.00 MiB page size, pre-allocated 0 pages
[    0.204129] ACPI: Added _OSI(Module Device)
[    0.205544] ACPI: Added _OSI(Processor Device)
[    0.207026] ACPI: Added _OSI(3.0 _SCP Extensions)
[    0.208006] ACPI: Added _OSI(Processor Aggregator Device)
[    0.209985] ACPI: Added _OSI(Linux-Dell-Video)
[    0.212021] ACPI: Added _OSI(Linux-Lenovo-NV-HDMI-Audio)
[    0.216016] ACPI: Added _OSI(Linux-HPI-Hybrid-Graphics)
[    0.220812] ACPI: Executed 1 blocks of module-level executable AML code
[    0.234190] ACPI: Interpreter enabled
[    0.236115] ACPI: (supports S0 S5)
[    0.237735] ACPI: Using IOAPIC for interrupt routing
[    0.240555] PCI: Using host bridge windows from ACPI; if necessary, use "pci=nocrs" and report a bug
[    0.244565] ACPI: Enabled 2 GPEs in block 00 to 07
[    0.262587] ACPI: PCI Root Bridge [PCI0] (domain 0000 [bus 00-ff])
[    0.264017] acpi PNP0A03:00: _OSC: OS supports [ASPM ClockPM Segments MSI]
[    0.268045] acpi PNP0A03:00: _OSC: not requesting OS control; OS requires [ExtendedConfig ASPM ClockPM MSI]
[    0.270713] acpi PNP0A03:00: fail to add MMCONFIG information, can't access extended PCI configuration space under this bridge.
[    0.272478] PCI host bridge to bus 0000:00
[    0.276004] pci_bus 0000:00: root bus resource [io  0x0000-0x0cf7 window]
[    0.277819] pci_bus 0000:00: root bus resource [io  0x0d00-0xffff window]
[    0.280005] pci_bus 0000:00: root bus resource [mem 0x000a0000-0x000bffff window]
[    0.284004] pci_bus 0000:00: root bus resource [mem 0x40000000-0xfdffffff window]
[    0.288004] pci_bus 0000:00: root bus resource [bus 00-ff]
[    0.298330] pci 0000:00:01.1: legacy IDE quirk: reg 0x10: [io  0x01f0-0x01f7]
[    0.300004] pci 0000:00:01.1: legacy IDE quirk: reg 0x14: [io  0x03f6]
[    0.304004] pci 0000:00:01.1: legacy IDE quirk: reg 0x18: [io  0x0170-0x0177]
[    0.308004] pci 0000:00:01.1: legacy IDE quirk: reg 0x1c: [io  0x0376]
[    0.330732] pci 0000:00:07.0: quirk: [io  0x4000-0x403f] claimed by PIIX4 ACPI
[    0.332024] pci 0000:00:07.0: quirk: [io  0x4100-0x410f] claimed by PIIX4 SMB
[    0.350330] ACPI: PCI Interrupt Link [LNKA] (IRQs 5 9 10 *11)
[    0.352396] ACPI: PCI Interrupt Link [LNKB] (IRQs 5 9 *10 11)
[    0.356161] ACPI: PCI Interrupt Link [LNKC] (IRQs 5 *9 10 11)
[    0.360164] ACPI: PCI Interrupt Link [LNKD] (IRQs 5 9 10 *11)
[    0.364439] SCSI subsystem initialized
[    0.368076] pci 0000:00:02.0: vgaarb: setting as boot VGA device
[    0.372000] pci 0000:00:02.0: vgaarb: VGA device added: decodes=io+mem,owns=io+mem,locks=none
[    0.372007] pci 0000:00:02.0: vgaarb: bridge control possible
[    0.376003] vgaarb: loaded
[    0.376992] ACPI: bus type USB registered
[    0.380029] usbcore: registered new interface driver usbfs
[    0.384013] usbcore: registered new interface driver hub
[    0.385988] usbcore: registered new device driver usb
[    0.388068] EDAC MC: Ver: 3.0.0
[    0.392374] PCI: Using ACPI for IRQ routing
[    0.396420] NetLabel: Initializing
[    0.400003] NetLabel:  domain hash size = 128
[    0.404002] NetLabel:  protocols = UNLABELED CIPSOv4 CALIPSO
[    0.408023] NetLabel:  unlabeled traffic allowed by default
[    0.412085] clocksource: Switched to clocksource kvm-clock
[    0.4313 V: is qots qut_.60[   .7671]VF: quot-cche hash table entries: 512 (order 0, 4096 bytes)
[    0.962403] AppArmor: AppArmor Filesystem Enabled
[    0.963657] pnp: PnP ACPI init
[    0.966009] pnp: PnP ACPI: found 3 devices
[    0.984573] clocksource: acpi_pm: mask: 0xffffff max_cycles: 0xffffff, max_idle_ns: 2085701024 ns
[   0.989054] NET: Registered protocol family 2

[    1.038922] TCP established hash table entries: 8192 (order: 4, 65536 bytes)
[    1.042377] TCP bind hash table entries: 8192 (orde: 5, 131072yt)
[    1.165309] TCP: Hash tables configured (established 8192 bind 8192)
    1617] DPhah abe ntie: 12(oder:, 634 yts)
[   .669322] UDP-Lite hash table entries: 512 (order: 2, 16384 bytes)
[    1.717813] NET: Registered protocol family 1
[    1.719916] pci 0000:00:00.0: Limiting direct PCI/PCI transfers
[   .7492] pci 0000:001.0:Actiating ISA DMA hang workarounds
[   .9401] pci 0000:00:02: Video device with shadowed ROM at [mem 0x000c0000-0x000dffff]

[    2.147428] Unpacking initramfs...
[    2.529942] Freeing initrd memory: 19672K
[    2.532295] clocksource: tsc: mask: 0xffffffffffffffff max_cycles: 0x172da94f0e2, max_idle_ns: 440795278248 ns
[    2.536180] platform rtc_cmos: registered platform RTC device (no PNP device found)
[    2.539671] Scanning for low memory corruption every 60 seconds
[    2.545866] Initialise system trusted keyrings
[    2.548674] Key type blacklist registered
[    2.551089] workingset: timestamp_bits=36 max_order=18 bucket_order=0
[    2.554890] zbud: loaded
[    2.556448] squashfs: version 4.0 (2009/01/31) Phillip Lougher
[    2.558582] fuse init (API version 7.26)
[    2.573315] Key type asymmetric registered
[    2.612452] Asymmetric key parser 'x509' registered
[    2.656165] Block layer SCSI generic (bsg) driver version 0.4 loaded (major 246)
[    2.683200] io scheduler noop registered
[    2.695860] io scheduler deadline registered
[    2.702877] io scheduler cfq registered (default)
[    2.710648] ACPI: AC Adapter [AC] (on-line)
[    2.717691] input: Power Button as /devices/LNXSYSTM:00/LNXPWRBN:00/input/input0
[    2.739640] ACPI: Power Button [PWRF]
[    2.746382] input: Sleep Button as /devices/LNXSYSTM:00/LNXSLPBN:00/input/input1
[    2.748843]CP: lep uton[SPF]
[    2.962722] ACPI: Battery Slot [BAT0] (battery present)
[    3.051147] Seral 850/150drive, 32 ports, IRQ sharing enabled
[    3.248529] 00:02: ttyS0 at IO x38 ir=  bsebad  115200) is a 16550A
[    3.563425] Linux agpgart interface v0.103
[    3.604944] loop: module loaded
[    3.603] sios0:at_pix

[    3.918444] csi st: tapiix
[    4.07170] ta1: PATA max UDMA/33 cmd 0x1f0 ctl 0x3f6 bmdma 0xd000 ir 1
[    4.170782] ata2: PATA max UDMA/33 cmd 0x170 ctl 0x376 bmdma 0xd008 irq 15

[    4.172825] libphy: Fixed MDIO Bus: probed
[   4.179593] tun: Universal TUN/TAP device driver, 1.6

[    4.211140] PPP generic driver version 2.4.2
[    4.213559] ehci_hcd: USB 2.0 'Enhanced' Host Controller (EHCI) Driver
[    4.238396] ehci-pci: EHCI PCI platform driver
[    4.262627] ehci-platform: EHCI generic platform driver
[    4.264064] ohci_hcd: USB 1.1 'Open' Host Controller (OHCI) Driver
[    4.285522] ohci-pci: OHCI PCI platform driver
[    4.301311] ohci-platform: OHCI generic platform driver
[    4.303126] uhci_hcd: USB Universal Host Controller Interface driver
[    4.308801] i8042: PNP: PS/2 Controller [PNP0303:PS2K,PNP0f03:PS2M] at 0x60,0x64 irq 1,12
[    4.311931] serio: i8042 KBD port at 0x60,0x64 irq 1
[    4.313460] serio: i8042 AUX port at 0x60,0x64 irq 12
[    4.315319] mousedev: PS/2 mouse device common for all mice
[    4.317997] rtc_cmos rtc_cmos: rtc core: registered rtc_cmos as rtc0
[    4.319766] input: AT Translated Set 2 keyboard as /devices/platform/i8042/serio0/input/input2
[    4.322300] rtc_cmos rtc_cmos: alarms up to one day, 114 bytes nvram
[    4.324383] i2c /dev entries driver
[    4.325908] device-mapper: uevent: version 1.0.3
[    4.335816] device-mapper: ioctl: 4.37.0-ioctl (2017-09-20) initialised: dm-devel@redhat.com
[    4.347314] ledtrig-cpu: registered to indicate activity on CPUs
[    4.354951] NET: Registered protocol family 10
[    4.371347] Segment Routing with IPv6
[    4.378841] NET: Registered protocol family 17
[    4.393752] Key type dns_resolver registered
[    4.396581] mce: Using 0 MCE banks
[    4.400676] RAS: Correctable Errors collector initialized.
[    4.410812] sched_clock: Marking stable (4410769163, 0)->(8182420453, -3771651290)
[    4.428695] registered taskstats version 1
[    4.439135] Loading comlein X.509 rtificate

[    4.645317] Loaded X.509 cert 'Build time autogenerated kernel key: 9ff85db0b1f72c0c954e4d2eaca5a9366845820b'
[    4.664618] zswap: loaded using pool lzo/zbud
[    4.686252] Key type big_key registered
[    4.732521] Key type trusted registered
[    4.735947] Key type encrypted registered
[    4.743571] AppArmor: AppArmor sha1 policy hashing enabled
[    4.745853] ima: No TPM chip found, activating TPM-bypass! (rc=-19)
[    4.750261] ima: Allocated hash algorithm: sha1
[    4.758197] evm: HMAC attrs: 0x1
[    4.767221]   Magic number: 3:181:410
[    4.791380] misc ecryptfs: hash matches
[    4.794158] rtc_cmos rtc_cmos: setting system clock to 2019-09-21 02:26:54 UTC (1569032814)
[    4.808205] BIOS EDD facility v0.16 2004-Jun-25, 0 devices found
[    4.818496] EDD information not available.
[    4.845180] Freeing unused kernel image memory: 2436K
[    4.890609] Write protecting the kernel read-only data: 20480k
[    5.938436] Freeing unused kernel image memory: 2008K
[    5.963114] Freeing unused kernel image memory: 1972K
[    7.033924] x86/mm: Checked W+X mappings: passed, no W+X pages found.
[    7.917094] x86/mm: Checking user space page tables
[    7.966072] x86/mm: Checked W+X mappings: passed, no W+X pages found.
Loading, please wait...
starting version 237
[    8.030149] e1000: Intel(R) PRO/1000 Network Driver - version 7.3.21-k8-NAPI
[    8.034004] e1000: Copyright (c) 1999-2006 Intel Corporation.
[    8.038928] Fusion MPT base driver 3.04.20
[    8.040407] Copyright (c) 1999-2008 LSI Corporation
[    8.059455] Fusion MPT SPI Host driver 3.04.20
[    8.061695] AVX2 version of gcm_enc/dec engaged.
[    8.062956] AES CTR mode by8 optimization enabled
[    8.253379] input: ImExPS/2 Generic Explorer Mouse as /devices/platform/i8042/serio1/input/input4
[    8.465056] e1000 0000:00:03.0 eth0: (PCI:33MHz:32-bit) 02:f6:70:42:12:5d
[    8.590874] e1000 0000:00:03.0 eth0: Intel(R) PRO/1000 Network Connection
[    8.762216] mptbase: ioc0: Initiating bringup
[    8.885460] ioc0: LSI53C1030 A0: Capabilities={Initiator}
[    9.145591] scsi host2: ioc0: LSI53C1030 A0, FwRev=00000000h, Ports=1, MaxQ=256, IRQ=20
[    9.341419] scsi 2:0:0:0: Direct-Access     VBOX     HARDDISK         1.0  PQ: 0 ANSI: 5
[    9.528480] scsi target2:0:0: Beginning Domain Validation
[    9.573335] scsi target2:0:0: Domain Validation skipping write tests
[    9.575450] scsi target2:0:0: Ending Domain Validation
[    9.577315] scsi target2:0:0: asynchronous
[    9.579226] scsi 2:0:1:0: Direct-Access     VBOX     HARDDISK         1.0  PQ: 0 ANSI: 5
[    9.900521] scsi target2:0:1: Beginning Domain Validation
[    9.903195] random: fast init done
[    9.905737] scsi target2:0:1: Domain Validation skipping write tests
[    9.930859] scsi target2:0:1: Ending Domain Validation
[    9.936630] scsi target2:0:1: asynchronous
[    9.951495] random: systemd-udevd: uninitialized urandom read (16 bytes read)
[    9.952851] e1000 0000:00:08.0 eth1: (PCI:33MHz:32-bit) 08:00:27:8e:6a:71
[    9.958654] sd 2:0:0:0: Attached scsi generic sg0 type 0
[    9.969267] e1000 0000:00:08.0 eth1: Intel(R) PRO/1000 Network Connection
[    9.984803] random: systemd-udevd: uninitialized urandom read (16 bytes read)
[   10.001322] sd 2:0:0:0: [sda] 20971520 512-byte logical blocks: (10.7 GB/10.0 GiB)
[   10.001349] sd 2:0:1:0: Attached scsi generic sg1 type 0
[   10.032118] random: systemd-udevd: uninitialized urandom read (16 bytes read)
[   10.054165] sd 2:0:0:0: [sda] Write Protect is off
[   10.057674] e1000 0000:00:08.0 enp0s8: renamed from eth1
[   10.067857] sd 2:0:1:0: [sdb] 20480 512-byte logical blocks: (10.5 MB/10.0 MiB)
[   10.076250] sd 2:0:0:0: [sda] Incomplete mode parameter data
[   10.081146] sd 2:0:0:0: [sda] Assuming drive cache: write through
[   10.082643] sd 2:0:1:0: [sdb] Write Protect is off
[   10.085730] sd 2:0:1:0: [sdb] Incomplete mode parameter data
[   10.087628] sd 2:0:1:0: [sdb] Assuming drive cache: write through
[   10.090417] e1000 0000:00:03.0 enp0s3: renamed from eth0
[   10.094130]  sda: sda1
[   10.097697] sd 2:0:0:0: [sda] Attached SCSI disk
[   10.113595] sd 2:0:1:0: [sdb] Attached SCSI disk
Begin: Loading essential drivers ... [   11.592229] raid6: sse2x1   gen() 12138 MB/s
[   11.676200] raid6: sse2x1   xor()  8829 MB/s
[   11.728201] raid6: sse2x2   gen() 14976 MB/s
[   11.816207] raid6: sse2x2   xor()  9986 MB/s
[   11.900268] raid6: sse2x4   gen() 17322 MB/s
[   11.952026] raid6: sse2x4   xor() 10531 MB/s
[   12.036261] raid6: avx2x1   gen() 24330 MB/s
[   12.128278] raid6: avx2x1   xor() 15394 MB/s
[   12.176126] raid6: avx2x2   gen() 12982 MB/s
[   12.224300] raid6: avx2x2   xor()  9584 MB/s
[   12.288264] raid6: avx2x4   gen() 28709 MB/s
[   12.340283] raid6: avx2x4   xor() 17777 MB/s
[   12.345325] raid6: using algorithm avx2x4 gen() 28709 MB/s
[   12.346799] raid6: .... xor() 17777 MB/s, rmw enabled
[   12.393867] raid6: using avx2x2 recovery algorithm
[   12.396666] xor: automatically using best checksumming function   avx       
[   12.490871] async_tx: api initialized (async)
done.
Begin: Running /scripts/init-premount ... done.
Begin: Mounting root file system ... Begin: Running /scripts/local-top ... done.
Begin: Running /scripts/local-premount ... [   12.561366] Btrfs loaded, crc32c=crc32c-intel
Scanning for Btrfs filesystems
done.
Warning: fsck not present, so skipping root file[   12.601099] EXT4-fs (sda1): mounted filesystem with ordered data mode. Opts: (null)
 system
done.
Begin: Running /scripts/local-bottom ... done.
Begin: Running /scripts/init-bottom ... done.
[   12.861553] ip_tables: (C) 2000-2006 Netfilter Core Team
[   12.877692] systemd[1]: systemd 237 running in system mode. (+PAM +AUDIT +SELINUX +IMA +APPARMOR +SMACK +SYSVINIT +UTMP +LIBCRYPTSETUP +GCRYPT +GNUTLS +ACL +XZ +LZ4 +SECCOMP +BLKID +ELFUTILS +KMOD -IDN2 +IDN -PCRE2 default-hierarchy=hybrid)
[   12.967221] systemd[1]: Detected virtualization oracle.
[   13.245503] systemd[1]: Detected architecture x86-64.

Welcome to [1mUbuntu 18.04.3 LTS[0m!

[   13.263039] systemd[1]: Set hostname to <ubuntu-bionic>.
[   14.109469] systemd[1]: Set up automount Arbitrary Executable File Formats File System Automount Point.
[[0;32m  OK  [0m] Set up automount Arbitrary Executabâ€¦rmats File System Automount Point.
[   14.114290] systemd[1]: Reached target System Time Synchronized.
[[0;32m  OK  [0m] Reached target System Time Synchronized.
[   14.117632] systemd[1]: Reached target User and Group Name Lookups.
[[0;32m  OK  [0m] Reached target User and Group Name Lookups.
[   14.123900] systemd[1]: Created slice User and Session Slice.
[[0;32m  OK  [0m] Created slice User and Session Slice.
[   14.329349] systemd[1]: Reached target Swap.
[[0;32m  OK  [0m] Reached target Swap.
[   14.342830] systemd[1]: Started Forward Password Requests to Wall Directory Watch.
[[0;32m  OK  [0m] Started Forward Password Requests to Wall Directory Watch.
[[0;32m  OK  [0m] Created slice System Slice.
[[0;32m  OK  [0m] Listening on Syslog Socket.
[[0;32m  OK  [0m] Created slice system-serial\x2dgetty.slice.
[[0;32m  OK  [0m] Listening on Device-mapper event daemon FIFOs.
[[0;32m  OK  [0m] Reached target Slices.
[[0;32m  OK  [0m] Listening on /dev/initctl Compatibility Named Pipe.
[[0;32m  OK  [0m] Listening on udev Control Socket.
[[0;32m  OK  [0m] Listening on LVM2 metadata daemon socket.
[[0;32m  OK  [0m] Listening on Journal Socket.
         Starting Uncomplicated firewall...
         Starting Load Kernel Modules...
         Starting Monitoring of LVM2 mirrorsâ€¦ng dmeventd or progress polling...
         Mounting Kernel Debug File System...
         Mounting Huge Pages File System...
[   14.414930] Loading iSCSI transport class v2.0-870.
[[0;32m  OK  [0m] Listening on LVM2 poll daemon socket.
[[0;32m  OK  [0m] Listening on Network Service Netlink Socket.
         Starting Create list of required stâ€¦ce nodes for the current kernel...
[   14.466566] iscsi: registered transport (tcp)
         Starting Set the console keyboard layout...
[[0;32m  OK  [0[   14.486272] iscsi: registered transport (iser)
m] Listening on RPCbind Server Activation Socket.
[[0;32m  OK  [0m] Listening on Journal Audit Socket.
         Starting Remount Root and Kernel File Systems...[   14.520844] EXT4-fs (sda1): re-mounted. Opts: (null)

         Mounting RPC Pipe File System...
[[0;32m  OK  [0m] Listening on udev Kernel Socket.[   14.583589] RPC: Registered named UNIX socket transport module.
[   14.585734] RPC: Registered udp transport module.

[   14.587326] RPC: Registered tcp transport module.
[   14.588915] RPC: Registered tcp NFSv4.1 backchannel transport module.
         Mounting POSIX Message Queue File System...
[[0;32m  OK  [0m] Listening on Journal Socket (/dev/log).
         Starting Journal Service...
         Starting udev Coldplug all Devices...
[[0;32m  OK  [0m] Started Uncomplicated firewall.
[[0;32m  OK  [0m] Started Load Kernel Modules.
[[0;32m  OK  [0m] Mounted Kernel Debug File System.
[[0;32m  OK  [0m] Mounted Huge Pages File System.
[[0;32m  OK  [0m] Started Create list of required staâ€¦vice nodes for the current kernel.
[[0;32m  OK  [0m] Started Remount Root and Kernel File Systems.
[[0;32m  OK  [0m] Mounted RPC Pipe File System.
[[0;32m  OK  [0m] Mounted POSIX Message Queue File System.
[[0;32m  OK  [0m] Started LVM2 metadata daemon.
         Starting Load/Save Random Seed...
         Starting Create Static Device Nodes in /dev...
         Starting Apply Kernel Variables...
         Mounting FUSE Control File Syste[   14.755956] random: crng init done
m...[   14.756986] random: 7 urandom warning(s) missed due to ratelimiting

         Mounting Kernel Configuration File System...
[[0;32m  OK  [0m] Started Journal Service.
[[0;32m  OK  [0m] Started Monitoring of LVM2 mirrors,â€¦sing dmeventd or progress polling.
[[0;32m  OK  [0m] Started Set the console keyboard layout.
[[0;32m  OK  [0m] Started udev Coldplug all Devices.
[[0;32m  OK  [0m] Started Load/Save Random Seed.
[[0;32m  OK  [0m] Started Create Static Device Nodes in /dev.
[[0;32m  OK  [0m] Started Apply Kernel Variables.
[[0;32m  OK  [0m] Mounted FUSE Control File System.
[[0;32m  OK  [0m] Mounted Kernel Configuration File System.
         Starting udev Kernel Device Manager...
[[0;32m  OK  [0m] Reached target Local File Systems (Pre).
[[0;32m  OK  [0m] Reached target Local File Systems.
         Starting AppArmor initialization...
         Starting Set console font and keymap...
         Starting Tell Plymouth To Write Out Runtime Data...
         Starting Preprocess NFS configuration...
         Starting ebtables ruleset management...
         Starting Flush Journal to Persistent Storage...
[[0;32m  OK  [0m] Started udev Kernel Device Manager.
[[0;32m  OK  [0m] Started Set console font and keymap.
[[0;32m  OK  [0m] Started Dispatch Password Requests to Console Directory Watch.
[[0;32m  OK  [0m] Reached target Local Encrypted Volumes.
[[0;32m  OK  [0m] Started Tell Plymouth To Write Out Runtime Data.
[[0;32m  OK  [0m] Started Preprocess NFS configuration.
[[0;32m  OK  [0m] Reached target NFS client services.
[[0;32m  OK  [0m] Started ebtables ruleset management.
[[0;32m  OK  [0m] Found device /dev/ttyS0.
[[0;32m  OK  [0m] Listening on Load/Save RF Kill Switch Status /dev/rfkill Watch.
[[0;32m  OK  [0m] Started Flush Journal to Persistent Storage.
         Starting Create Volatile Files and Directories...
[[0;32m  OK  [0m] Started Create Volatile Files and Directories.
         Starting RPC bind portmap service...
         Starting Update UTMP about System Boot/Shutdown...
[[0;32m  OK  [0m] Started RPC bind portmap service.
[[0;32m  OK  [0m] Reached target RPC Port Mapper.
[[0;32m  OK  [0m] Started AppArmor initialization.
[[0;32m  OK  [0m] Started Update UTMP about System Boot/Shutdown.
         Starting Initial cloud-init job (pre-networking)...
[   17.457771] cloud-init[588]: Cloud-init v. 19.1-1-gbaa47854-0ubuntu1~18.04.1 running 'init-local' at Sat, 21 Sep 2019 02:27:06 +0000. Up 17.21 seconds.
[[0;32m  OK  [0m] Started Initial cloud-init job (pre-networking).
[[0;32m  OK  [0m] Reached target Network (Pre).
         Starting Network Service...
[[0;32m  OK  [0m] Started Network Service.
         Starting Network Name Resolution...
         Starting Wait for Network to be Configured...
[[0;32m  OK  [0m] Started Network Name Resolution.
[[0;32m  OK  [0m] Reached target Network.
[[0;32m  OK  [0m] Reached target Host and Network Name Lookups.
[[0;32m  OK  [0m] Started Wait for Network to be Configured.
         Starting Initial cloud-init job (metadata service crawler)...
[   20.243205] cloud-init[705]: Cloud-init v. 19.1-1-gbaa47854-0ubuntu1~18.04.1 running 'init' at Sat, 21 Sep 2019 02:27:09 +0000. Up 20.08 seconds.
[   20.288743] cloud-init[705]: ci-info: ++++++++++++++++++++++++++++++++++++++Net device info+++++++++++++++++++++++++++++++++++++++
[   20.316818] cloud-init[705]: ci-info: +--------+------+-----------------------------+---------------+--------+-------------------+
[   20.335269] cloud-init[705]: ci-info: | Device |  Up  |           Address           |      Mask     | Scope  |     Hw-Address    |
[   20.366635] cloud-init[705]: ci-info: +--------+------+-----------------------------+---------------+--------+-------------------+
[   20.380654] cloud-init[705]: ci-info: | enp0s3 | True |          10.0.2.15          | 255.255.255.0 | global | 02:f6:70:42:12:5d |
[   20.396250] cloud-init[705]: ci-info: | enp0s3 | True |  fe80::f6:70ff:fe42:125d/64 |       .       |  link  | 02:f6:70:42:12:5d |
[   20.416573] cloud-init[705]: ci-info: | enp0s8 | True |        192.168.33.10        | 255.255.255.0 | global | 08:00:27:8e:6a:71 |
[   20.431770] cloud-init[705]: ci-info: | enp0s8 | True | fe80::a00:27ff:fe8e:6a71/64 |       .       |  link  | 08:00:27:8e:6a:71 |
[   20.436685] cloud-init[705]: ci-info: |   lo   | True |          127.0.0.1          |   255.0.0.0   |  host  |         .         |
[   20.439853] cloud-init[705]: ci-info: |   lo   | True |           ::1/128           |       .       |  host  |         .         |
[   20.471174] cloud-init[705]: ci-info: +--------+------+-----------------------------+---------------+--------+-------------------+
[[0;32m  OK  [0m] Started Initial cloud-init job (metadata service crawler).
[[0;32m  OK  [0m] Reached target Cloud-config availability.
[[0;32m  OK  [0m] Reached target Network is Online.
[   20.546771] cloud-init[705]: ci-info: +++++++++++++++++++++++++++++Route IPv4 info+++++++++++++++++++++++++++++
[   20.689505] cloud-init[705]: ci-info: +-------+--------------+----------+-----------------+-----------+-------+
[   20.753683] cloud-init[705]: ci-info: | Route | Destination  | Gateway  |     Genmask     | Interface | Flags |
[   20.781021] cloud-init[705]: ci-info: +-------+--------------+----------+-----------------+-----------+-------+
[   20.837376] cloud-init[705]: ci-info: |   0   |   0.0.0.0    | 10.0.2.2 |     0.0.0.0     |   enp0s3  |   UG  |
[[0;32m  OK  [0m] Reached target Remote File Systems (Pre).
[[0;32m  OK  [0m] Reached target Remote File Systems.
[   20.907456] cloud-init[705]: ci-info: |   1   |   10.0.2.0   | 0.0.0.0  |  255.255.255.0  |   enp0s3  |   U   |
[   20.984081] cloud-init[705]: ci-info: |   2   |   10.0.2.2   | 0.0.0.0  | 255.255.255.255 |   enp0s3  |   UH  |
         Starting Availability of block devices...
[[0;32m  OK  [0m] Reached target System Initialization.
[[0;32m  OK  [0m] Listening on D-Bus System Message Bus Socket.
[   20.996818] cloud-init[705]: ci-info: |   3   | 192.168.33.0 | 0.0.0.0  |  255.255.255.0  |   enp0s8  |   U   |
[   21.072342] [cloud-init[0;32m  OK  [0m[705]: ] ci-info: +-------+--------------+----------+-----------------+-----------+-------+Started ACPI Events Check.

[[0;32m  OK  [0m] Reached target Paths.
[   21.086790] cloud-init[705]: [[0;32m  OK  [0m] Started Daily apt download activities.
ci-info: +++++++++++++++++++Route IPv6 info+++++++++++++++++++
         Starting LXD - unix socket.
[[0;32m  OK  [0m] Listening on UUID daemon activation socket.
[[0;32m  OK  [0m] Started Daily Cleanup of Temporary Directories.
[[0;32m  OK  [0m] Listening on ACPID Listen Socket.
[   21.124451] cloud-init[705]: ci-info: +-------+-------------+---------+-----------+-------+
[[0;32m  OK  [0m] Started Message of the Day.
[   21.146282] [[0;32m  OK  [0m] Started Discard unused blocks once a week.
[[0;32m  OK  [0m] Listening on Open-iSCSI iscsid Socket.
[[0;32m  OK  [0m] Started Daily apt upgrade and clean activities.
[[0;32m  OK  [0m] Reached target Timers.
cloud-init[705]: ci-info: | Route | Destination | Gateway | Interface | Flags |
         Starting Socket activation for snappy daemon.
[[0;32m  OK  [0m] Started Availability of block devices.
[[0;32m  OK  [0m] Listening on LXD - unix socket.
[[0;32m  OK  [0m] Listening on Socket activation for snappy daemon.
[[0;32m  OK  [0m] Reached target Sockets.
[[0;32m  OK  [0m] Reached target Basic System.
[   21.231196] cloud-init[705]: ci-info: +-------+-------------+---------+-----------+-------+
[[0;32m  OK  [0m] Started irqbalance daemon.
[   21.322984]          Starting LXD - container startup/shutdown...
cloud-init[705]: ci-info: |   1   |  fe80::/64  |    ::   |   enp0s8  |   U   |
         Starting Accounts Service...
         Starting Permit User Sessions...
         Starting LSB: automatic crash report generation...
[   21.352629] cloud-init[705]: ci-info: |   2   |  fe80::/64  |    ::   |   enp0s3  |   U   |
[   21.358680] cloud-init[705]: ci-info: |   4   |    local    |    ::   |   enp0s3  |   U   |
[   21.383751] cloud-init[705]: ci-info: |   5   |    local    |    ::   |   enp0s8  |   U   |
[   21.387151] cloud-init[705]: ci-info: |   6   |   ff00::/8  |    ::   |   enp0s8  |   U   |
         Starting OpenBSD Secure Shell server...
[   21.411305]          Starting System Logging Service...
         Starting Message of the Day...
cloud-init[705]: ci-info: |   7   |   ff00::/8  |    ::   |   enp0s3  |   U   |
[   21.439844] cloud-init[705]: ci-info: +-------+-------------+---------+-----------+-------+
[[0;32m  OK  [0m] Started Regular background program processing daemon.
         Starting Dispatcher daemon for systemd-networkd...
         Starting LSB: Record successful boot for GRUB...
[[0;32m  OK  [0m] Started D-Bus System Message Bus.
[[0;32m  OK  [0m] Started Deferred execution scheduler.
         Starting Snappy daemon...
         Starting Login Service...
         Starting vboxadd.service...
[[0;32m  OK  [0m] Started FUSE filesystem for LXC.
[[0;32m  OK  [0m] Started System Logging Service.
[[0;32m  OK  [0m] Started LXD - container startup/shutdown.
[[0;32m  OK  [0m] Started Permit User Sessions.
[[0;32m  OK  [0m] Started OpenBSD Secure Shell server.
         Starting Authorization Manager...
         Starting Terminate Plymouth Boot Screen...
         Starting Hold until boot process finishes up...
[[0;32m  OK  [0m] Started Hold until boot process finishes up.
[[0;32m  OK  [0m] Started Terminate Plymouth Boot Screen.
[[0;32m  OK  [0m] Started Login Service.
[[0;32m  OK  [0m] Started Unattended Upgrades Shutdown.
         Starting Set console scheme...
[[0;32m  OK  [0m] Started Serial Getty on ttyS0.
[[0;32m  OK  [0m] Started Authorization Manager.
[[0;32m  OK  [0m] Started Accounts Service.
[[0;32m  OK  [0m] Started Set console scheme.
[[0;32m  OK  [0m] Created slice system-getty.slice.
[[0;32m  OK  [0m] Started Getty on tty1.
[[0;32m  OK  [0m] Reached target Login Prompts.
[[0;32m  OK  [0m] Started Dispatcher daemon for systemd-networkd.
[[0;32m  OK  [0m] Started LSB: automatic crash report generation.
[[0;32m  OK  [0m] Started LSB: Record successful boot for GRUB.
[[0;32m  OK  [0m] Started Snappy daemon.
         Starting Wait until snapd is fully seeded...
[[0;32m  OK  [0m] Started Wait until snapd is fully seeded.
         Starting Apply the settings specified in cloud-config...
[[0;32m  OK  [0m] Started vboxadd.service.
         Starting vboxadd-service.service...
[[0;32m  OK  [0m] Started vboxadd-service.service.
[[0;32m  OK  [0m] Reached target Multi-User System.
[[0;32m  OK  [0m] Reached target Graphical Interface.
         Starting Update UTMP about System Runlevel Changes...
[[0;32m  OK  [0m] Started Update UTMP about System Runlevel Changes.
[[0;32m  OK  [0m] Created slice User Slice of vagrant.
[   23.162843] cloud-init[1143]: Cloud-init v. 19.1-1-gbaa47854-0ubuntu1~18.04.1 running 'modules:config' at Sat, 21 Sep 2019 02:27:12 +0000. Up 22.99 seconds.
         Starting User Manager for UID 1000...
[[0;32m  OK  [0m] Started Session 1 of user vagrant.
[[0;32m  OK  [0m] Started Apply the settings specified in cloud-config.
         Starting Execute cloud user/final scripts...
[[0;32m  OK  [0m] Started User Manager for UID 1000.
[[0;32m  OK  [0m] Started Message of the Day.
[   24.112343] cloud-init[1308]: Cloud-init v. 19.1-1-gbaa47854-0ubuntu1~18.04.1 running 'modules:final' at Sat, 21 Sep 2019 02:27:13 +0000. Up 23.88 seconds.
[   24.144364] cloud-init[1308]: Cloud-init v. 19.1-1-gbaa47854-0ubuntu1~18.04.1 finished at Sat, 21 Sep 2019 02:27:13 +0000. Datasource DataSourceNoCloud [seed=/dev/sdb][dsmode=net].  Up 24.10 seconds
[[0;32m  OK  [0m] Started Execute cloud user/final scripts.
[[0;32m  OK  [0m] Reached target Cloud-init target.
         Starting Daily apt download activities...

Ubuntu 18.04.3 LTS ubuntu-bionic ttyS0

ubuntu-bionic login: 