[    0.0000] Linux vsin 4.15.0-4-enric (buildd@lgw01-amd64-038) (gcc version 7.4.0 (Ubuntu 7.4.0-1ubuntu1~18.04.1)) #73-Ubuntu SMP Thu Sep 12 13:16:13 UTC 2019 (Ubuntu 4.15.0-64.73-generic 4.15.18)
[    0.000000] Command line: BOOT_IMAGE=/boot/vmlinuz-4.15.0-64-generic root=UUID=c96d8c50-ee80-4ac7-84c9-80244f1234dc ro console=tty1 console=ttyS0
[    0.000000] KERNEL supported cpus:
[    0.000000]   Intel GenuineIntel
[    0.000000]   AMD AuthenticAMD
[    0.000000]   Centaur CentaurHauls
[    0.000000] x86/fpu: Supporting XSAVE fatre 0x001: 'x87 floating point registers'
[    0.000000] x86/fpu: Supporting XSAVE feature 0x002: 'SSE registers'
[    0.000000]x86/fpu: Supporting XSAVE feature 0x004: 'AVX registers'
[    0.000000] x86/fpu: xstate_offset[2]:  576, xstate_sizes[2]:  256
[    0.000000] x86/fpu: Enabled xstate features 0x7, context size is 832 bytes, using 'sandard' fomat.
[   0.0000] e820: BIOS-provided physical RAM map:
[    0.000000] BIOS-e820: [mem 0x0000000000000000-0x000000000009fbff] usable
[    0.000000] BIOS-e820: [mem 0x000000000009fc00-0x000000000009ffff] reserved
[    0.000000] BIOS-e820: [mem 0x00000000000f0000-0x00000000000fffff] reserved
[    0.000000] OS-e82: me 0x0000000000100000-0x000000003ffeffff] usable
[    0.000000] BIOS-e820: [mem 0x000000003fff0000-0x000000003fffffff] ACPI data
[    0.000000] BIOS-e820: [mem 0x00000000fec00000-0x00000000fec00fff] reserved
[    0.000000] BIOS-e820[mm 0x00000000fee00000-000000000fee00fff] resrvd
[   000000] BIOS-e8: mem 0x000000ffc00000x000000ffffffff] reserved
[    0.000000] NX (Execute Disable) protection: active
[    0.000000] SMBIOS 2.5 present.
[    0.000000] DMI: innotek GmbH VirtualBox/VirtualBox, BIOS VirtualBox 12/01/2006
[    0.000000] Hypervisor detected: KVM
[    0.000000] e820: last_pfn = 0x3fff0 max_arch_pfn = 0x400000000
[    0.000000] MTRR: Disabled
[    0.000000] x86/PAT: MTRRs disabled, skipping PAT initialization too.
[    0.000000] CPU MTRRs all blank - virtualized system.
[    0.000000] x86/PAT: Configuration [0-7]: WB  WT  UC- UC  WB  WT  UC- UC  
[    0.000000] found SMP MP-table at [mem 0x0009fff0-0x0009ffff]
[    0.000000] Scanning 1 areas for low memory corruption
[    0.000000] RAMDISK: [mem 0x35983000-0x36cb8fff]
[    0.000000] ACPI: Early table checksum verification disabled
[    0.000000] ACPI: RSDP 0x00000000000E0000 000024 (v02 VBOX  )
[    0.000000] ACP: XSDT 0x000003FFF0030 0000C v01 VBOX   OXSDT 00000001 ASL  00000061)
[    0.000000] ACPI: FACP 0x000000003FFF00F0 0000F4 (v04 VBOX   VBOXFACP 00000001 ASL  00000061)
[    0.000000] ACPI: DSDT 0x000000003FFF0470 0021FF (v02 VBOX   VBOXBIOS 00000002 INTL 20100528)
[    0.000000] ACPI: FACS 0x000000003FFF0200 000040
[    0.000000] ACPI: FACS 0x000000003FFF0200 000040
[    0.000000] ACPI: APIC 0x000000003FFF0240 00005C (v02 VBOX   VBOXAPIC 00000001 ASL  00000061)
[    0.000000] ACPI: SSDT 0x000000003FFF02A0 0001CC (v01 VBOX   VBOXCPUT 000002 INTL 20028)
[  0.000000] No NUMA configuration found
[    0.000000] Faking a node at [mem 0x0000000000000000-0x000000003ffeffff]
[    0.000000] NODE_DATA(0) allocated [em 0x3ffc50000x3ffeffff]
[    0.00000]kvm-clock: cpu 0, msr 0:3ff44001, primary cpu clock
[    0.000000] kvm-clock: Using msrs 4b564d01 and 4b564d00
[    0.000000] kvm-clock: using sched offset of 4286912539 cycles
[    0.000000] clocksource: kvm-clock: mask: 0xffffffffffffffff max_cycles: 0x1cd42e4dffb, max_idle_ns: 881590591483 ns
[    0.000000] Zone ranges:
[    0.000000]   DMA      [mem 0x0000000000001000-0x0000000000ffffff]
[    0.000000]   D32    [mem 000000001000000-0x000000003ffeffff]
[    0.000000]   Normal   empty
[    0.000000]   Device   empty
[    0.000000] Movable zone start for each node
[    0.000000] Early memory node ranges
[    0.000000]   node   0: [mem 0x0000000000001000-0x000000000009efff]
[    0.000000]   node   0: [mem 0x0000000000100000-0x000000003ffeffff]
[    0.000000] Reserved but unavailable: 98 pages
[    0.000000] Initmem setup node 0 [mem 0x0000000000001000-0x000000003ffeffff]
[    0.000000] ACPI: PM-Timer IO Port: 0x4008
[    0.000000] IOAPIC[0]: apic_id 2, version 32, address 0xfec00000, GSI 0-23
[    0.000000] ACPI: INT_SRC_OVR (bus 0 bus_irq 0 global_irq 2 dfl dfl)
[    0.000000] ACPI: NT_SRC_OVR (bus 0 b_irq 9glba_irq 9lo lvel)
[   .00000] Using ACPI (MA) for SMP configuration information
[    0.000000] smpboot Allowg  CPUs, 0 hplg CPUs
[  0.000000] P Regsterd nove memory: [mem 0x00000000-0x00000fff]
[    0.000000] PM: Registered nosave memory: [mem 0x0009f000-0x0009ffff]
[    0.000000] PM: Registered nosave memory: [mem 0x000a0000-0x000effff]
[    0.000000] PM: Registered nosave memory: [mem 0x000f0000-0x000fffff]
[    0.000000] e820: [mem 0x40000000-0xfebfffff] available for PCI devices
[    0.000000] Booting paravirtualized kernel on KVM
[    0.000000] clocksource: refined-jiffies: mask: 0xffffffff max_cycles: 0xffffffff, max_idle_ns: 7645519600211568 ns
[    0.000000] random: get_random_bytesalled from sar_kernel+0x99/0x4fd with crng_init=0
[    0.000000] setup_percpu: NR_CPUS:8192 nr_cpumask_bits:2 nr_cpu_ids:2 nr_node_ids:1
[    0.000000] percpu: Embedded 46 pages/cpu s151552 r8192 d28672 u1048576
[    0.000000] PV qspinlock hash table entries: 256 (order: 0, 4096 bytes)
[    0.000000] Built 1 zonelists, mobility grouping on.  Total pages: 257913
[    0.000000] Policy zone: DMA32
[    0.000000] Kernel command line: BOOT_IMAGE=/boot/vmlinuz-4.15.0-64-generic root=UUID=c96d8c50-ee80-ac7-84c9-80244f1234dc ro console=tty1 nsle=tty0[   0.000000] Memory: 982912K/1048120 aailable (12300K kernel code, 2481K rwdata, 4172K rodata, 2436K init, 2384K bss, 65208K reserved, 0K cma-reserved)
[    0.000000] SLUB: HWalign=64, Order=0-3, MinObjects=0, CPUs=2, Nodes=1
[    0.000000] Kernel/User page tables isolation: enabled
[    0.000000] ftrace: allocating 39306 entries in 154 pages
    0.0000 Hierarhial RCU implementation.
[    0.004000] 	RCU restricting CPUs from NR_CPUS=8192 to nr_cpu_ids=2.
[    0.004000] 	Task RCU enaed
[    0.0000] CU: Adjusting gomtry for rc_fnot_leaf=16, nr_cpu_ids=2
[    0.004000] NR_IRQS: 524544, nr_irqs: 440, preallocated irqs: 16
[    0.004000] Console: colour VGA+ 80x25
[    0.004000] console [tty1] enabled
[    0.004000] console [ttyS0] enabled
[    0.004000] ACPI: Core revision 20170831
[    0.004000] ACPI: 2 ACPI AML tables successfully acquired and loaded
[    0.004000] APIC: Switch to symmetric I/O mode setup
[   .0040000] x2apic enabled
[    0.004008] Switched APIC routing to physical x2apic.
[    0.007722] ..TIMER: vector=0x30 apic1=0 pin1=2 apic2=-1 pin2=-1
[    0.008007] tsc: Detected 1607.999 MHz processor
[    0.012014] Calibrating delay loop (skipped) preset value.. 3215.99 BogoMIPS (lpj=6431996)
[    0.016007] pid_max: default: 32768 minimum: 301
[    0.020046] Security Framework initialized
[    0.024003] Yama: becoming mindful.
[    0.028027] AppArmor: AppArmor initialized
[    0.033743] Dentry cache hash table entries: 131072 (order: 8, 1048576 bytes)
[    0.036088] Inode-cache hash table entries: 65536 (order: 7, 524288 bytes)
[    0.040016] Mount-cache hash table entries: 2048 (order: 2, 16384 bytes)
[    0.042156] Mountpoint-cache hash table entries: 2048 (order: 2, 16384 bytes)
[    0.044260] Last level iTLB entries: 4KB 64, 2MB 8, 4MB 8
[    0.048003] Last level dTLB entries: 4KB 64, 2MB 0, 4MB 0, 1GB 4
[    0.052002] Spectre V1 : Mitigation: usercopy/swapgs barriers and __user pointer sanitization
[    0.054724] Spectre V2 : Mitigation: Full generic retpoline
[    0.056001] Spectre V2 : Spectre v2 / SpectreRSB mitigation: Filling RSB on context switch
[    0.060002] Speculative Store Bypass: Vulnerable
[    0.064047] MDS: Vulnerable: Clear CPU buffers attempted, no microcode
[    0.068168] Freeing SMP alternatives memory: 36K
[    0.076000] smpboot: CPU0: Intel(R) Core(TM) i5-8210Y CPU @ 1.60GHz (family: 0x6, model: 0x8e, stepping: 0x9)
[    0.076000] Performance Events: unsupported p6 CPU model 142 no PMU driver, software events only.
[    0.076054] Hierarchical SRCU implementation.
[    0.080634] NMI watchdog: Perf event create on CPU 0 failed with -2
[    0.082838] NMI watchdog: Perf NMI watchdog permanently disabled
[    0.084091] smp: Bringing up secondary CPUs ...
[    0.085559] x86: Booting SMP configuration:
[    0.088004] .... node  #0, CPUs:      #1
[    0.004000] kvm-clock: cpu 1, msr 0:3ff44041, secondary cpu clock
[    0.094336] smp: Brought up 1 node, 2 CPUs
[    0.094336] smpboot: Max logical packages: 1
[    0.096008] smpboot: Total of 2 processors activated (6431.99 BogoMIPS)
[    0.098316] devtmpfs: initialized
[    0.100062] x86/mm: Memory block size: 128MB
[    0.101338] evm: security.selinux
[    0.102555] evm: security.SMACK64
[    0.104013] evm: security.SMACK64EXEC
[    0.108008] evm: security.SMACK64TRANSMUTE
[    0.110321] evm: security.SMACK64MMAP
[    0.112003] evm: security.apparmor
[    0.113696] evm: security.ima
[    0.116009] evm: security.capability
[    0.120141] clocksource: jiffies: mask: 0xffffffff max_cycles: 0xffffffff, max_idle_ns: 7645041785100000 ns
[    0.124012] futex hash table entries: 512 (order: 3, 32768 bytes)
[    0.128052] pinctrl core: initialized pinctrl subsystem
[    0.132295] RTC time:  2:59:01, date: 09/24/19
[    0.136563] NET: Registered protocol family 16
[    0.139556] audit: initializing netlink subsys (disabled)
[    0.140050] audit: type=2000 audit(1569293943.937:1): state=initialized audit_enabled=0 res=1
[    0.144015] cpuidle: using governor ladder
[    0.148012] cpuidle: using governor menu
[    0.152054] ACPI: bus type PCI registered
[    0.156005] acpiphp: ACPI Hot Plug PCI Controller Driver version: 0.5
[    0.160120] PCI: Using configuration type 1 for base access
[    0.168064] HugeTLB registered 2.00 MiB page size, pre-allocated 0 pages
[    0.176098] ACPI: Added _OSI(Module Device)
[    0.180020] ACPI: Added _OSI(Processor Device)
[    0.184003] ACPI: Added _OSI(3.0 _SCP Extensions)
[    0.185670] ACPI: Added _OSI(Processor Aggregator Device)
[    0.188005] ACPI: Added _OSI(Linux-Dell-Video)
[    0.192004] ACPI: Added _OSI(Linux-Lenovo-NV-HDMI-Audio)
[    0.196021] ACPI: Added _OSI(Linux-HPI-Hybrid-Graphics)
[    0.200468] ACPI: Executed 1 blocks of module-level executable AML code
[    0.209525] ACPI: Interpreter enabled
[    0.212021] ACPI: (supports S0 S5)
[    0.213167] ACPI: Using IOAPIC for interrupt routing
[    0.216269] PCI: Using host bridge windows from ACPI; if necessary, use "pci=nocrs" and report a bug
[    0.220251] ACPI: Enabled 2 GPEs in block 00 to 07
[    0.234861] ACPI: PCI Root Bridge [PCI0] (domain 0000 [bus 00-ff])
[    0.236008] acpi PNP0A03:00: _OSC: OS supports [ASPM ClockPM Segments MSI]
[    0.240037] acpi PNP0A03:00: _OSC: not requesting OS control; OS requires [ExtendedConfig ASPM ClockPM MSI]
[    0.244020] acpi PNP0A03:00: fail to add MMCONFIG information, can't access extended PCI configuration space under this bridge.
[    0.248555] PCI host bridge to bus 0000:00
[    0.252005] pci_bus 0000:00: root bus resource [io  0x0000-0x0cf7 window]
[    0.256004] pci_bus 0000:00: root bus resource [io  0x0d00-0xffff window]
[    0.260004] pci_bus 0000:00: root bus resource [mem 0x000a0000-0x000bffff window]
[    0.264004] pci_bus 0000:00: root bus resource [mem 0x40000000-0xfdffffff window]
[    0.268004] pci_bus 0000:00: root bus resource [bus 00-ff]
[    0.277522] pci 0000:00:01.1: legacy IDE quirk: reg 0x10: [io  0x01f0-0x01f7]
[    0.280010] pci 0000:00:01.1: legacy IDE quirk: reg 0x14: [io  0x03f6]
[    0.284006] pci 0000:00:01.1: legacy IDE quirk: reg 0x18: [io  0x0170-0x0177]
[    0.288005] pci 0000:00:01.1: legacy IDE quirk: reg 0x1c: [io  0x0376]
[    0.311031] pci 0000:00:07.0: quirk: [io  0x4000-0x403f] claimed by PIIX4 ACPI
[    0.312025] pci 0000:00:07.0: quirk: [io  0x4100-0x410f] claimed by PIIX4 SMB
[    0.328007] ACPI: PCI Interrupt Link [LNKA] (IRQs 5 9 10 *11)
[    0.332372] ACPI: PCI Interrupt Link [LNKB] (IRQs 5 9 *10 11)
[    0.336161] ACPI: PCI Interrupt Link [LNKC] (IRQs 5 *9 10 11)
[    0.340161] ACPI: PCI Interrupt Link [LNKD] (IRQs 5 9 10 *11)
[    0.344988] SCSI subsystem initialized
[    0.348137] pci 0000:00:02.0: vgaarb: setting as boot VGA device
[    0.352000] pci 0000:00:02.0: vgaarb: VGA device added: decodes=io+mem,owns=io+mem,locks=none
[    0.352012] pci 0000:00:02.0: vgaarb: bridge control possible
[    0.356004] vgaarb: loaded
[    0.356999] ACPI: bus type USB registered
[    0.358347] usbcore: registered new interface driver usbfs
[    0.360017] usbcore: registered new interface driver hub
[    0.364033] usbcore: registered new device driver usb
[    0.368083] EDAC MC: Ver: 3.0.0
[    0.372079] PCI: Using ACPI for IRQ routing
[    0.376435] NetLabel: Initializing
[    0.380003] NetLabel:  domain hash size = 128
[    0.384002] NetLabel:  protocols = UNLABELED CIPSOv4 CALIPSO
[    0.388022] NetLabel:  unlabeled traffic allowed by default
[    0.396114] clocksource: Switched to clocksource kvm-clock
[    0.411869] VFS: Disk quotas dquot_6.6.0
[    0.413322] VFS: Dquot-cache hash table entries: 512 (order 0, 4096 bytes)
[    0.415189] AppArmor: AppArmor Filesystem Enabled
[    0.416421] pnp: PnP ACPI init
[    0.418676] pnp: PnP ACPI: found 3 devices
[    0.437496] clocksource: acpi_pm: mask: 0xffffff max_cycles: 0xffffff, max_idle_ns: 2085701024 ns
[    0.441672] NET: Registered protocol family 2
[    0.446615] TCP established hash table entries: 8192 (order: 4, 65536 bytes)
[    0.455554] TCP bind hash table entries: 8192 (order: 5, 131072 bytes)
[    0.458683] TCP: Hash tables configured (esblhe81 bnd812)
[   .7435]UD hsh able entries: 512 (order: 2, 16384 bytes)
[    0.919845] UDP-Lite hash table entries: 512 (order: 2, 16384 bytes)
[    0.92162] ET Rgiteedprotocofail 1[   .22035] pc000:00:00.0: Limiting direct PCI/PCI transfers
[    1.396910] pci 0000:00:01.0: Activating ISA DMA hang workarounds
[    1.398599] pci 0000:00:02.0: Video device with shadowed ROM at [mem 0x000c0000-0x000dffff]
[    1.400980] Unpacking initramfs...
[    1.724880] Freeing initrd memory: 19672K
[    1.741936] clocksource: tsc: mask: 0xffffffffffffffff max_cycles: 0x172da94f0e2, max_idle_ns: 440795278248 ns
[    1.783164] platform rtc_cmos: registered platform RTC device (no PNP device found)
[    1.785311] Scanning for low memory corruption every 60 seconds
[    1.787876] Initialise system trusted keyrings
[    1.829694] Key type blacklist registered
[    1.865419] workingset: timestamp_bits=36 max_order=18 bucket_order=0
[    1.879886] zbud: loaded
[    1.887116] squashfs: version 4.0 (2009/01/31) Phillip Lougher
[    1.919316] fuse init (API version 7.26)
[    1.932784] Key type asymmetric registered
[    1.933897] Asymmetric key parser 'x509' registered
[    1.935139] Block layer SCSI generic (bsg) driver version 0.4 loaded (major 246)
[    1.938752] io scheduler noop registered
[    2.013589] io scheduler deadline registered
[    2.122835] io scheduler cfq registered (default)
[    2.168173] ACPI: AC Aaapter [AC] (on-line)
[    2.282588] input: Power Button as /devices/LNXSYSTM:00/LNXPWRBN:00/input/input0
[    2.361090] ACPI: Power Button [PWRF]
[    2.376030] input: Sleep Button as /devices/LNXSYSTM:00/LNXSLPBN:00/input/input1
[    2.378054] ACPI: Sleep Button [SLPF]
[    2.379526] Serial: 8250/16550 driver, 32 ports, IRQ sharing enabled
[    2.380800] ACPI: Battery Slot [BAT0] (battery present)
[    2.406677] 00:02: ttyS0 at I/O 0x3f8 (irq = 4, base_baud = 115200) is a 16550A
[    2.409681] Linux agpgart interface v0.103
[    2.411838] loop: module loaded
[    2.444326] scsi host0: ata_piix
[    2.499950] scsi host1: ata_piix
[    2.525291] ata1: PATA max UDMA/33 cmd 0x1f0 ctl 0x3f6 bmdma 0xd000 irq 14
[    2.592971] ata2: PATA max UDMA/33 cmd 0x170 ctl 0x376 bmdma 0xd008 irq 15
[    2.614833] libphy: Fixed MDIO Bus: probed
[    2.616263] tun: Universal TUN/TAP device driver, 1.6
[    2.623756] PPP generic driver version 2.4.2
[    2.635495] ehci_hcd: USB 2.0 'Enhanced' Host Controller (EHCI) Driver
[    2.637845] ehci-pci: EHCI PCI platform driver
[    2.640152] ehci-platform: EHCI generic platform driver
[    2.641929] ohci_hcd: USB 1.1 'Open' Host Controller (OHCI) Driver
[    2.643681] ohci-pci: OHCI PCI platform driver
[    2.645814] ohci-platform: OHCI generic platform driver
[    2.648740] uhci_hcd: USB Universal Host Controller Interface driver
[    2.651967] i8042: PNP: PS/2 Controller [PNP0303:PS2K,PNP0f03:PS2M] at 0x60,0x64 irq 1,12
[    2.656964] serio: i8042 KBD port at 0x60,0x64 irq 1
[    2.659401] serio: i8042 AUX port at 0x60,0x64 irq 12
[    2.661971] mousedev: PS/2 mouse device common for all mice
[    2.665596] input: AT Translated Set 2 keyboard as /devices/platform/i8042/serio0/input/input2
[    2.670788] rtc_cmos rtc_cmos: rtc core: registered rtc_cmos as rtc0
[    2.676140] rtc_cmos rtc_cmos: alarms up to one day, 114 bytes nvram
[    2.679575] i2c /dev entries driver
[    2.681691] device-mapper: uevent: version 1.0.3
[    2.685705] device-mapper: ioctl: 4.37.0-ioctl (2017-09-20) initialised: dm-devel@redhat.com
[    2.689910] ledtrig-cpu: registered to indicate activity on CPUs
[    2.694678] NET: Registered protocol family 10
[    2.703995] Segment Routing with IPv6
[    2.709881] NET: Registered protocol family 17
[    2.717277] Key type dns_resolver registered
[    2.719265] mce: Using 0 MCE banks
[    2.721141] RAS: Correctable Errors collector initialized.
[    2.739774] sched_clock: Marking stable (2739732613, 0)->(7053033245, -4313300632)
[    2.775926] registered taskstats version 1
[    2.798667] Loading compiled-in X.509 certificates
[    2.808609] Loaded X.509 cert 'Build time autogenerated kernel key: 9ff85db0b1f72c0c954e4d2eaca5a9366845820b'
[    2.834281] zswap: loaded using pool lzo/zbud
[    2.847789] Key type big_key registered
[    2.854906] Key type trusted registered
[    2.858409] Key type encrypted registered
[    2.870923] AppArmor: AppArmor sha1 policy hashing enabled
[    2.881289] ima: No TPM chip found, activating TPM-bypass! (rc=-19)
[    2.892978] ima: Allocated hash algorithm: sha1
[    2.905582] evm: HMAC attrs: 0x1
[    2.907065]   Magic number: 3:474:966
[    2.908507] rtc_cmos rtc_cmos: setting system clock to 2019-09-24 02:59:05 UTC (1569293945)
[    2.931019] BIOS EDD facility v0.16 2004-Jun-25, 0 devices found
[    2.964670] EDD information not available.
[    2.974661] Freeing unused kernel image memory: 2436K
[    3.022589] Write protecting the kernel read-only data: 20480k
[    3.855897] Freeing unused kernel image memory: 2008K
[    4.094460] Freeing unused kernel image memory: 1972K
[    4.103611] x86/mm: Checked W+X mappings: passed, no W+X pages found.
[    4.778883] x86/mm: Checking user space page tables
[    4.785820] x86/mm: Checked W+X mappings: passed, no W+X pages found.
Loading, please wait...
starting version 237
[    4.894958] Fusion MPT base driver 3.04.20
[    4.896394] Copyright (c) 1999-2008 LSI Corporation
[    4.899509] e1000: Intel(R) PRO/1000 Network Driver - version 7.3.21-k8-NAPI
[    4.914380] e1000: Copyright (c) 1999-2006 Intel Corporation.
[    4.949713] AVX2 version of gcm_enc/dec engaged.
[    4.955999] AES CTR mode by8 optimization enabled
[    4.971875] Fusion MPT SPI Host driver 3.04.20
[    5.174098] input: ImExPS/2 Generic Explorer Mouse as /devices/platform/i8042/serio1/input/input4
[    5.427280] e1000 0000:00:03.0 eth0: (PCI:33MHz:32-bit) 02:f6:70:42:12:5d
[    5.445119] e1000 0000:00:03.0 eth0: Intel(R) PRO/1000 Network Connection
[    5.902748] e1000 0000:00:08.0 eth1: (PCI:33MHz:32-bit) 08:00:27:8e:6a:71
[    5.924593] e1000 0000:00:08.0 eth1: Intel(R) PRO/1000 Network Connection
[    5.942823] e1000 0000:00:03.0 enp0s3: renamed from eth0
[    5.944876] mptbase: ioc0: Initiating bringup
[    5.968821] e1000 0000:00:08.0 enp0s8: renamed from eth1
[    6.053304] ioc0: LSI53C1030 A0: Capabilities={Initiator}
[    6.694179] scsi host2: ioc0: LSI53C1030 A0, FwRev=00000000h, Ports=1, MaxQ=256, IRQ=20
[    7.808849] scsi 2:0:0:0: Direct-Access     VBOX     HARDDISK         1.0  PQ: 0 ANSI: 5
[    8.083593] scsi target2:0:0: Beginning Domain Validation
[    8.836572] scsi target2:0:0: Domain Validation skipping write tests
[    8.906332] scsi target2:0:0: Ending Domain Validation
[    8.907894] scsi target2:0:0: asynchronous
[    9.293787] scsi 2:0:1:0: Direct-Access     VBOX     HARDDISK         1.0  PQ: 0 ANSI: 5
[    9.742716] scsi target2:0:1: Beginning Domain Validation
[   10.615873] random: fast init done
[   10.803996] scsi target2:0:1: Domain Validation skipping write tests
[   11.892498] scsi target2:0:1: Ending Domain Validation
[   12.154824] scsi target2:0:1: asynchronous
[   12.162461] random: systemd-udevd: uninitialized urandom read (16 bytes read)
[   12.162567] sd 2:0:0:0: Attached scsi generic sg0 type 0
[   12.164958] random: systemd-udevd: uninitialized urandom read (16 bytes read)
[   12.166435] sd 2:0:0:0: [sda] 20971520 512-byte logical blocks: (10.7 GB/10.0 GiB)
[   12.168731] random: systemd-udevd: uninitialized urandom read (16 bytes read)
[   12.170744] sd 2:0:1:0: Attached scsi generic sg1 type 0
[   12.173411] sd 2:0:0:0: [sda] Write Protect is off
[   12.216916] sd 2:0:1:0: [sdb] 20480 512-byte logical blocks: (10.5 MB/10.0 MiB)
[   12.216992] sd 2:0:0:0: [sda] Incomplete mode parameter data
[   12.219596] sd 2:0:1:0: [sdb] Write Protect is off
[   12.221002] sd 2:0:0:0: [sda] Assuming drive cache: write through
[   12.257728] sd 2:0:1:0: [sdb] Incomplete mode parameter data
[   12.277861] sd 2:0:1:0: [sdb] Assuming drive cache: write through
[   12.290462]  sda: sda1
[   12.292840] sd 2:0:1:0: [sdb] Attached SCSI disk
[   12.331190] sd 2:0:0:0: [sda] Attached SCSI disk
Begin: Loading essential drivers ... [   13.896081] raid6: sse2x1   gen()  4462 MB/s
[   13.944547] raid6: sse2x1   xor()  6704 MB/s
[   14.064479] raid6: sse2x2   gen() 14672 MB/s
[   14.152241] raid6: sse2x2   xor()  9973 MB/s
[   14.284163] raid6: sse2x4   gen() 16434 MB/s
[   14.376189] raid6: sse2x4   xor() 10802 MB/s
[   14.472276] raid6: avx2x1   gen() 24282 MB/s
[   14.572234] raid6: avx2x1   xor() 16654 MB/s
[   14.648200] raid6: avx2x2   gen() 28295 MB/s
[   14.736564] raid6: avx2x2   xor() 17467 MB/s
[   14.844394] raid6: avx2x4   gen() 31314 MB/s
[   14.932211] raid6: avx2x4   xor() 19212 MB/s
[   14.933851] raid6: using algorithm avx2x4 gen() 31314 MB/s
[   14.935352] raid6: .... xor() 19212 MB/s, rmw enabled
[   14.936797] raid6: using avx2x2 recovery algorithm
[   14.939975] xor: automatically using best checksumming function   avx       
[   14.944600] async_tx: api initialized (async)
done.
Begin: Running /scripts/init-premount ... done.
Begin: Mounting root file system ... Begin: Running /scripts/local-top ... done.
Begin: Running /scripts/local-premount ... [   15.031867] Btrfs loaded, crc32c=crc32c-intel
Scanning for Btrfs filesystems
done.
Warning: fsck no[   15.071059] EXT4-fs (sda1): mounted filesystem with ordered data mode. Opts: (null)
t present, so skipping root file system
done.
Begin: Running /scripts/local-bottom ... done.
Begin: Running /scripts/init-bottom ... done.
[   15.349918] ip_tables: (C) 2000-2006 Netfilter Core Team
[   15.507809] systemd[1]: systemd 237 running in system mode. (+PAM +AUDIT +SELINUX +IMA +APPARMOR +SMACK +SYSVINIT +UTMP +LIBCRYPTSETUP +GCRYPT +GNUTLS +ACL +XZ +LZ4 +SECCOMP +BLKID +ELFUTILS +KMOD -IDN2 +IDN -PCRE2 default-hierarchy=hybrid)
[   16.003923] systemd[1]: Detected virtualization oracle.
[   16.005710] systemd[1]: Detected architecture x86-64.

Welcome to [1mUbuntu 18.04.3 LTS[0m!

[   16.031815] systemd[1]: Set hostname to <ubuntu-bionic>.
[   16.403609] systemd[1]: Created slice User and Session Slice.
[[0;32m  OK  [0m] Created slice User and Session Slice.
[   16.468413] systemd[1]: Started Forward Password Requests to Wall Directory Watch.
[[0;32m  OK  [0m] Started Forward Password Requests to Wall Directory Watch.
[   16.489346] systemd[1]: Set up automount Arbitrary Executable File Formats File System Automount Point.
[[0;32m  OK  [0m] Set up automount Arbitrary Executabâ€¦rmats File System Automount Point.
[   16.556635] systemd[1]: Reached target Swap.
[[0;32m  OK  [0m] Reached target Swap.
[   16.617340] systemd[1]: Reached target User and Group Name Lookups.
[[0;32m  OK  [0m] Reached target User and Group Name Lookups.
[   16.757525] systemd[1]: Reached target System Time Synchronized.
[[0;32m  OK  [0m] Reached target System Time Synchronized.
[[0;32m  OK  [0m] Created slice System Slice.
[[0;32m  OK  [0m] Listening on Journal Audit Socket.
[[0;32m  OK  [0m] Listening on LVM2 metadata daemon socket.
[[0;32m  OK  [0m] Listening on Network Service Netlink Socket.
[[0;32m  OK  [0m] Listening on Journal Socket (/dev/log).
[[0;32m  OK  [0m] Listening on /dev/initctl Compatibility Named Pipe.
[[0;32m  OK  [0m] Created slice system-serial\x2dgetty.slice.
[[0;32m  OK  [0m] Listening on LVM2 poll daemon socket.
[[0;32m  OK  [0m] Reached target Slices.
[[0;32m  OK  [0m] Listening on RPCbind Server Activation Socket.
[[0;32m  OK  [0m] Listening on udev Kernel Socket.
[[0;32m  OK  [0m] Listening on Device-mapper event daemon FIFOs.
[[0;32m  OK  [0m] Listening on Syslog Socket.
[[0;32m  OK  [0m] Listening on udev Control Socket.
[[0;32m  OK  [0m] Listening on Journal Socket.
         Mounting POSIX Message Queue File System...
         Starting Monitoring of LVM2 mirrorsâ€¦ng dmeventd or progress polling...
         Starting Uncomplicated firewall...
         Mounting Kernel Debug File System...
         Starting Load Kernel Modules...
         Starting Create list of required stâ€¦ce nodes for the [   17.283044] Loading iSCSI transport class v2.0-870.
current kernel...
[   17.302454] iscsi: registered transport (tcp)
         Starting udev Coldplug all Devices...
         Mounting RPC Pipe File System...
         Starting Set the console keyboard layout...
         Mounting Huge Pages File System...
         Starting Remount Root and Kernel File Systems...
         Starting Journal Service...
[[0;32m  OK  [0m] Mounted POSIX Message Queue File System.
[[0;32m  OK  [0m] Started Uncomplicated firewall.
[[0;32m  OK  [0m] Mounted Kernel Debug File System.
[[0;32m  OK  [0m] Started Create list of required staâ€¦vice nodes for the current kernel.
[[0;32m  OK  [0m] Mounted Huge Pages File System.
[[0;32m  OK  [0m] Started LVM2 metadata daemon.
         Starting Create Static Device Nodes in /dev...
[   17.360454] RPC: Registered named UNIX socket transport module.
[   17.362473] RPC: Registered udp transport module.
[   17.364040] RPC: Registered tcp transport module.
[   17.365628] RPC: Registered tcp NFSv4.1 backchannel transport module.
[[0;32m  OK  [0m] Mounted RPC Pipe File System.
[[0;32m  OK  [0m] Started udev Coldplug all Devices.
[[0;32m  OK  [0m] Started Create Static Device Nodes in /dev.
[   17.441164] EXT4-fs (sda1): re-mounted. Opts: (null)
[[0;32m  OK  [0m] Started Remount Root and Kernel File Systems.
[   17.468617] iscsi: registered transport (iser)
         Starting udev Kernel Device Manager...
         Starting Load/Save Random Seed...
[[0;32m  OK  [0m] Started Journal Service.
[[0;32m  OK  [0m] Started Monitoring of LVM2 mirrors,â€¦sing dmeventd or progress polling.
[   17.538327] random: crng init done
[   17.539225] random: 7 urandom warning(s) missed due to ratelimiting
[[0;32m  OK  [0m] Started Load Kernel Modules.
         Mounting Kernel Configuration File System...
         Starting Apply Kernel Variables...
         Mounting FUSE Control File System...
         Starting Flush Journal to Persistent Storage...
[[0;32m  OK  [0m] Mounted FUSE Control File System.
[[0;32m  OK  [0m] Mounted Kernel Configuration File System.
[[0;32m  OK  [0m] Started udev Kernel Device Manager.
[[0;32m  OK  [0m] Started Load/Save Random Seed.
[[0;32m  OK  [0m] Started Apply Kernel Variables.
[[0;32m  OK  [0m] Started Set the console keyboard layout.
[[0;32m  OK  [0m] Reached target Local File Systems (Pre).
[[0;32m  OK  [0m] Reached target Local File Systems.
         Starting AppArmor initialization...
         Starting ebtables ruleset management...
         Starting Preprocess NFS configuration...
         Starting Set console font and keymap...
         Starting Tell Plymouth To Write Out Runtime Data...
[[0;32m  OK  [0m] Started Dispatch Password Requests to Console Directory Watch.
[[0;32m  OK  [0m] Reached target Local Encrypted Volumes.
[[0;32m  OK  [0m] Started Preprocess NFS configuration.
[[0;32m  OK  [0m] Reached target NFS client services.
[[0;32m  OK  [0m] Started Set console font and keymap.
[[0;32m  OK  [0m] Started Tell Plymouth To Write Out Runtime Data.
[[0;32m  OK  [0m] Started Flush Journal to Persistent Storage.
         Starting Create Volatile Files and Directories...
[[0;32m  OK  [0m] Started Create Volatile Files and Directories.
[[0;32m  OK  [0m] Started ebtables ruleset management.
         Starting RPC bind portmap service...
         Starting Update UTMP about System Boot/Shutdown...
[[0;32m  OK  [0m] Found device /dev/ttyS0.
[[0;32m  OK  [0m] Started RPC bind portmap service.
[[0;32m  OK  [0m] Reached target RPC Port Mapper.
[[0;32m  OK  [0m] Started Update UTMP about System Boot/Shutdown.
[[0;32m  OK  [0m] Listening on Load/Save RF Kill Switch Status /dev/rfkill Watch.
[[0;32m  OK  [0m] Started AppArmor initialization.
         Starting Initial cloud-init job (pre-networking)...
[   19.923554] cloud-init[541]: Cloud-init v. 19.1-1-gbaa47854-0ubuntu1~18.04.1 running 'init-local' at Tue, 24 Sep 2019 02:59:22 +0000. Up 19.69 seconds.
[[0;32m  OK  [0m] Started Initial cloud-init job (pre-networking).
[[0;32m  OK  [0m] Reached target Network (Pre).
         Starting Network Service...
[[0;32m  OK  [0m] Started Network Service.
         Starting Network Name Resolution...
         Starting Wait for Network to be Configured...
[[0;32m  OK  [0m] Started Network Name Resolution.
[[0;32m  OK  [0m] Reached target Host and Network Name Lookups.
[[0;32m  OK  [0m] Reached target Network.
[[0;32m  OK  [0m] Started Wait for Network to be Configured.
         Starting Initial cloud-init job (metadata service crawler)...
[   22.580853] cloud-init[711]: Cloud-init v. 19.1-1-gbaa47854-0ubuntu1~18.04.1 running 'init' at Tue, 24 Sep 2019 02:59:24 +0000. Up 22.34 seconds.
[   22.596798] cloud-init[711]: ci-info: ++++++++++++++++++++++++++++++++++++++Net device info+++++++++++++++++++++++++++++++++++++++
[   22.601769] cloud-init[711]: ci-info: +--------+------+-----------------------------+---------------+--------+-------------------+
[   22.608466] cloud-init[711]: ci-info: | Device |  Up  |           Address           |      Mask     | Scope  |     Hw-Address    |
[   22.621525] cloud-init[711]: ci-info: +--------+------+-----------------------------+---------------+--------+-------------------+
[   22.630575] cloud-init[711]: ci-info: | enp0s3 | True |          10.0.2.15          | 255.255.255.0 | global | 02:f6:70:42:12:5d |
[   22.643980] cloud-init[711]: ci-info: | enp0s3 | True |  fe80::f6:70ff:fe42:125d/64 |       .       |  link  | 02:f6:70:42:12:5d |
[   22.655005] cloud-init[711]: ci-info: | enp0s8 | True |        192.168.33.10        | 255.255.255.0 | global | 08:00:27:8e:6a:71 |
[   22.663068] cloud-init[711]: ci-info: | enp0s8 | True | fe80::a00:27ff:fe8e:6a71/64 |       .       |  link  | 08:00:27:8e:6a:71 |
[   22.671936] cloud-init[711]: ci-info: |   lo   | True |          127.0.0.1          |   255.0.0.0   |  host  |         .         |
[   22.684330] cloud-init[711]: ci-info: |   lo   | True |           ::1/128           |       .       |  host  |         .         |
[   22.695744] cloud-init[711]: ci-info: +--------+------+-----------------------------+---------------+--------+-------------------+
[   22.713477] cloud-init[711]: ci-info: +++++++++++++++++++++++++++++Route IPv4 info+++++++++++++++++++++++++++++
[   22.721269] cloud-init[711]: ci-info: +-------+--------------+----------+-----------------+-----------+-------+
[   22.724563] cloud-init[711]: ci-info: | Route | Destination  | Gateway  |     Genmask     | Interface | Flags |
[   22.727446] cloud-init[711]: ci-info: +-------+--------------+----------+-----------------+-----------+-------+
[   22.730194] cloud-init[711]: ci-info: |   0   |   0.0.0.0    | 10.0.2.2 |     0.0.0.0     |   enp0s3  |   UG  |
[   22.733034] cloud-init[711]: ci-info: |   1   |   10.0.2.0   | 0.0.0.0  |  255.255.255.0  |   enp0s3  |   U   |
[   22.735789] cloud-init[711]: ci-info: |   2   |   10.0.2.2   | 0.0.0.0  | 255.255.255.255 |   enp0s3  |   UH  |
[   22.738765] cloud-init[711]: ci-info: |   3   | 192.168.33.0 | 0.0.0.0  |  255.255.255.0  |   enp0s8  |   U   |
[   22.751587] cloud-init[711]: ci-info: +-------+--------------+----------+-----------------+-----------+-------+
[   22.762497] cloud-init[711]: ci-info: +++++++++++++++++++Route IPv6 info+++++++++++++++++++
[   22.768617] cloud-init[711]: ci-info: +-------+-------------+---------+-----------+-------+
[   22.788554] cloud-init[711]: ci-info: | Route | Destination | Gateway | Interface | Flags |
[   22.820654] cloud-init[711]: ci-info: +-------+-------------+---------+-----------+-------+
[   22.830850] cloud-init[711]: ci-info: |   1   |  fe80::/64  |    ::   |   enp0s8  |   U   |
[   22.853472] cloud-init[711]: ci-info: |   2   |  fe80::/64  |    ::   |   enp0s3  |   U   |
[   22.896527] cloud-init[711]: ci-info: |   4   |    local    |    ::   |   enp0s3  |   U   |
[   22.928619] cloud-init[711]: ci-info: |   5   |    local    |    ::   |   enp0s8  |   U   |
[   22.935858] cloud-init[711]: ci-info: |   6   |   ff00::/8  |    ::   |   enp0s8  |   U   |
[   22.944663] cloud-init[711]: ci-info: |   7   |   ff00::/8  |    ::   |   enp0s3  |   U   |
[   22.957872] cloud-init[711]: ci-info: +-------+-------------+---------+-----------+-------+
[[0;32m  OK  [0m] Started Initial cloud-init job (metadata service crawler).
[[0;32m  OK  [0m] Reached target Network is Online.
         Starting Availability of block devices...
[[0;32m  OK  [0m] Reached target Remote File Systems (Pre).
[[0;32m  OK  [0m] Reached target Remote File Systems.
[[0;32m  OK  [0m] Reached target Cloud-config availability.
[[0;32m  OK  [0m] Reached target System Initialization.
[[0;32m  OK  [0m] Started Daily apt download activities.
[[0;32m  OK  [0m] Started ACPI Events Check.
[[0;32m  OK  [0m] Started Message of the Day.
[[0;32m  OK  [0m] Started Discard unused blocks once a week.
[[0;32m  OK  [0m] Listening on UUID daemon activation socket.
[[0;32m  OK  [0m] Started Daily Cleanup of Temporary Directories.
         Starting Socket activation for snappy daemon.
         Starting LXD - unix socket.
[[0;32m  OK  [0m] Listening on Open-iSCSI iscsid Socket.
[[0;32m  OK  [0m] Listening on ACPID Listen Socket.
[[0;32m  OK  [0m] Started Daily apt upgrade and clean activities.
[[0;32m  OK  [0m] Reached target Timers.
[[0;32m  OK  [0m] Listening on D-Bus System Message Bus Socket.
[[0;32m  OK  [0m] Reached target Paths.
[[0;32m  OK  [0m] Started Availability of block devices.
[[0;32m  OK  [0m] Listening on Socket activation for snappy daemon.
[[0;32m  OK  [0m] Listening on LXD - unix socket.
[[0;32m  OK  [0m] Reached target Sockets.
[[0;32m  OK  [0m] Reached target Basic System.
[[0;32m  OK  [0m] Started Regular background program processing daemon.
         Starting Dispatcher daemon for systemd-networkd...
[[0;32m  OK  [0m] Started D-Bus System Message Bus.
         Starting Message of the Day...
[[0;32m  OK  [0m] Started Deferred execution scheduler.
         Starting LSB: Record successful boot for GRUB...
[[0;32m  OK  [0m] Started FUSE filesystem for LXC.
[[0;32m  OK  [0m] Started irqbalance daemon.
         Starting System Logging Service...
         Starting vboxadd.service...
         Starting Permit User Sessions...
         Starting LXD - container startup/shutdown...
         Starting LSB: automatic crash report generation...
         Starting Accounts Service...
         Starting Login Service...
         Starting OpenBSD Secure Shell server...
         Starting Snappy daemon...
[[0;32m  OK  [0m] Started System Logging Service.
[[0;32m  OK  [0m] Started Permit User Sessions.
         Starting Hold until boot process finishes up...
         Starting Terminate Plymouth Boot Screen...
[[0;32m  OK  [0m] Started Hold until boot process finishes up.
         Starting Set console scheme...
[[0;32m  OK  [0m] Started Serial Getty on ttyS0.
[[0;32m  OK  [0m] Started Terminate Plymouth Boot Screen.
[[0;32m  OK  [0m] Started Login Service.
[[0;32m  OK  [0m] Started Unattended Upgrades Shutdown.
[[0;32m  OK  [0m] Started Set console scheme.
[[0;32m  OK  [0m] Created slice system-getty.slice.
[[0;32m  OK  [0m] Started Getty on tty1.
[[0;32m  OK  [0m] Reached target Login Prompts.
[[0;32m  OK  [0m] Started Dispatcher daemon for systemd-networkd.
         Starting Authorization Manager...
[[0;32m  OK  [0m] Started LSB: Record successful boot for GRUB.
[[0;32m  OK  [0m] Started OpenBSD Secure Shell server.
[[0;32m  OK  [0m] Started LSB: automatic crash report generation.
[[0;32m  OK  [0m] Started LXD - container startup/shutdown.
[[0;32m  OK  [0m] Started Authorization Manager.
[[0;32m  OK  [0m] Started Accounts Service.
[[0;32m  OK  [0m] Started Snappy daemon.
         Starting Wait until snapd is fully seeded...
[[0;32m  OK  [0m] Started vboxadd.service.
         Starting vboxadd-service.service...
[[0;32m  OK  [0m] Created slice User Slice of vagrant.
[[0;32m  OK  [0m] Started Wait until snapd is fully seeded.
[[0;32m  OK  [0m] Started vboxadd-service.service.
         Starting User Manager for UID 1000...
         Starting Apply the settings specified in cloud-config...
[[0;32m  OK  [0m] Reached target Multi-User System.
[[0;32m  OK  [0m] Reached target Graphical Interface.
         Starting Update UTMP about System Runlevel Changes...
[[0;32m  OK  [0m] Started Session 1 of user vagrant.
[[0;32m  OK  [0m] Started Update UTMP about System Runlevel Changes.
[[0;32m  OK  [0m] Started User Manager for UID 1000.
[[0;32m  OK  [0m] Started Message of the Day.
[   25.409632] cloud-init[1186]: Cloud-init v. 19.1-1-gbaa47854-0ubuntu1~18.04.1 running 'modules:config' at Tue, 24 Sep 2019 02:59:27 +0000. Up 25.22 seconds.
[[0;32m  OK  [0m] Started Apply the settings specified in cloud-config.
         Starting Execute cloud user/final scripts...
[   26.078826] cloud-init[1270]: Cloud-init v. 19.1-1-gbaa47854-0ubuntu1~18.04.1 running 'modules:final' at Tue, 24 Sep 2019 02:59:28 +0000. Up 25.94 seconds.
[   26.086766] cloud-init[1270]: Cloud-init v. 19.1-1-gbaa47854-0ubuntu1~18.04.1 finished at Tue, 24 Sep 2019 02:59:28 +0000. Datasource DataSourceNoCloud [seed=/dev/sdb][dsmode=net].  Up 26.06 seconds
[[0;32m  OK  [0m] Started Execute cloud user/final scripts.
         Starting Daily apt download activities...
[[0;32m  OK  [0m] Reached target Cloud-init target.

Ubuntu 18.04.3 LTS ubuntu-bionic ttyS0

ubuntu-bionic login: 