[    0.000000] Linux version 4.15.0-60-generic (buildd@lgw01-amd64-030) (gcc version 7.4.0 (Ubuntu 7.4.0-1ubuntu1~18.04.1)) #67-Ubuntu SMP Thu Aug 22 16:55:30 UTC 2019 (Ubuntu 4.15.0-60.67-generic 4.15.18)
[    0.000000] Command line: BOO_IMAGE=/boo/vmlinuz-4.15.0-6-gericroot=UUD=901921-ad74d43-940a-5b85d91242ba ro console=tty1 console=ttyS0
[    0.000000] KENE supported pu
[    0.000000] Intel nuineIntel
[    0.000000]   AMD AuthenticAMD
[    0.000000]   Centaur CentaurHauls
[    0.000000] x86/fpu: Supporting XSAVE feature 0x001: 'x87 floating point registers'
[    0.000000] x86/fpu: Supporting XSAVE feature 0x002: 'SSE registers'
[    0.000000] x86/fpu: Supporting XSAVE feature 0x004: 'AVX registers'
[    0.000000] x86/fpu: xstate_offset[2]:  576, xstate_sizes[2]:  256
[    0.000000] x86/fpu: Enabled xstate features 0x7, context size is 832 bytes, using 'standard' format.
[    0.000000] e820: BIOS-provided physical RAM map:
[    0.000000] BIOS-e820: [mem 0x0000000000000000-0x000000000009fbff] usable
[    0.000000] BIOS-e820: [mem 0x000000000009fc00-0x000000000009ffff] reserved
[    0.000000] BIOS-e820: [mem 0x00000000000f0000-0x00000000000fffff] reserved
[    0.000000] BIOS-e820: [mem 0x0000000000100000-0x000000003ffeffff] usable
[    0.000000] BIOS-e820: [mem 0x000000003fff0000-0x000000003fffffff] ACPI data
[    0.000000] BIOS-e820: [mem 0x00000000fec00000-0x00000000fec00fff] reserved
[    0.000000] BIOS-e820: [mem 0x00000000fee00000-0x00000000fee00fff] reserved
[    0.000000] BIOS-e820: [mem 0x00000000fffc0000-0x00000000ffffffff] reserved
[    0.000000] NX (Execute Disable) protection: active
[    0.000000]SMBIOS 2.5prsent.[   .00000] I:innotek GmbH VirualBox/VtualBox BOS VitualBox 12/012006[    0.000] Hypervordeecd: KVM
[    0.000000] e820: last_pfn = 0x3fff0 max_archpfn  0400000000
[   .000000] MTRR: Disabled
[    0.000000] x86/PAT: MTRRs disable skipping PAT initialization too.[    0.000000] CPU MTRRs all blank - virtualized sysm.
[    0.000000] x86/PAT: Configuration [0-7]: WB  WT  UC- UC  WB  WT  UC- UC  
[    0.000000] found SMP MP-table at [mem 0x0009fff0-0x0009ffff]
[    0.000000] Scanning 1 areas for low memory coruption
[    0.000000] RAMDISK: [mem 0x35985000-0x36cb9fff]
[    0.000000] ACPI: Early table checksum verification disabled
[    0.000000] ACPI: RSDP 0x00000000000E0000 000024 (v02 VBOX  )
[    0.000000] ACPI: XSDT 0x000000003FFF0030 00003C (v01 VBOX   VBOXXSDT 00000001 ASL  00000061)
[    0.000000] ACPI: FACP 0x000000003FFF00F0 0000F4 (v04 VBOX   VBOXFACP 00000001 ASL  00000061)
[    0.00000] ACPI: DSDTx000000003FF0470 0021FF (v02 VBOX   VBOXBIOS 00000002 INTL 20100528)
[    0.000000] ACPI: FACS 0x000000003FFF0200 000040
[    0.000000] ACPI: FACS 0x000000003FFF0200 000040
[    0.000000] ACPI: APIC 0x000000003FFF0240 00005C (v02 VBOX   VBOXAPIC 00000001 ASL  00000061)
[    0.000000] ACPI: SSDT 0x000000003FFF02A0 0001CC (v01 VBOX   VBOXCPUT 00000002 INTL 20100528)
[    0.000000] No NUMA configuratio fun
[    0.0000 Fkinga node at [mem 0x0000000000000-0x000000003ffeffff]
[    0.000000] NODE_DATA(0) allocated [mem 0x3ffc5000-0x3ffffff][   0.0000] kvm-lock cpu0,msr :3f440, primary cpu clock
[    0.000000] kvm-clock: Using msrs 4b564d01 and 4b564d00
[    0.000000] kvm-clock: using sched offset of 3872153316 cycles
[    0.000000] clocksource: kvm-clock: mask: 0xffffffffffffffff max_cycles: 0x1cd42e4dffb, max_idle_ns: 881590591483 ns
[    0.000000] Zone ranges:
[    0.000000]   DMA      [mem 0x0000000000001000-0x0000000000ffffff]
[    0.000000]   DMA32    [mem 0x0000000001000000-0x0000000fefff]
[    .000000]   Normal   empty
[    0.00000   Device   empt
[    0.00000] Movable zone start for each node
[    0.000000] Early memory node ranges
[    0.000000]   node   0: [mem 0x0000000000001000-0x000000000009efff]
[    0.000000]   node   0: [mem 0x0000000000100000-0x000000003ffeffff]
[    0.000000] Reserved but unavailable: 98 pages
[    0.000000] Initmem setunode 0 [mem 0x0000000000001000-0x000000003ffeffff]
[    0.000000] ACPI: PM-Timer IO Port: 0x4008
[    0.000000] IOAPIC[0]: apic_id 2, veron 32, address 0xfec00000, GSI 03
[    0.000000] ACPI: INT_SRC_OR (bus 0 bus_irq 0 global_irq 2 dfl dfl)
[    .00000 ACP: NT_SRC_OVR (bus bus_irq gobal_q  low level)
[    0.000000] Usig PI (DT forMP configuratin nfortion
[    0000000] smpboot: llowin2 CPUs 0otplug CPUs
[    0.000000] PM: Registered nosave memory: [mem 0x00000000-0x00000fff]
[    0.000000] PM: Registered nsave memory: [mem0x0009f0-0x009ff]
[  0000000PM: Reisteed nav memory: em0x000a00-0x000ffff]
[  0.000000] PM: Registrenosaveemory:[m 0x00000-0x00ffff]
[   0000000]e820: [mem 0x40000000-0xfebffff]valable for PCI devices
[    0.000000] Booting paravirtualized kernel on KVM
[    0.000000] clocksure: refined-jiffies: mask: 0xffffffff max_cycles: 0xffffffff, max_idle_ns: 7645519600211568 ns
[    0.000000] random: get_random_bytes called from start_kernel+0x99/0x4fd with crng_init=0
[    0.000000] setup_prcpu: NR_CPUS:8192 nr_cpumask_bits:2 nr_cpu_ids:2 nr_node_ids:1
[    0.000000] percpu: Embedded 46 pages/cpu s151552 r8192 d28672 u1048576
[    0.000000] PV qspinlock hash table entries: 256 (order: 0, 4096 bytes)
[    0.000000] Built 1 zonelists, mobility grouping on.  Total pages: 257913
[    0.000000] Policy zone: DMA32
[    0.000000] Kernel command line: BOOT_IMAGE=/boot/vmlinuz-4.15.0-60-generic rot=UUID=90193a2-a75-44340a-b85d9142baro consoletty cnsole=ttS0
    00000] Mmo: 9891K/1048120Kvailable (12300K kernel code, 2481K rwdata, 4172K rodata, 2436K init, 2384K bss, 65204K reserved, 0K cma-reserved)
[    0.000000] SLUB HWalign=64, Order=0-3, MinObjects=0,CPUs=2, Nodes=1
[    0.000000] Kernel/User ag tableisolation: enabled
[    0.000000] ftrace: allocating 39306 entriesin54 pags
[    0.00000] Herarchical RCU implemetation.
[    0.00400] 	RCU restictig CPUs from NR_CPUS=8192 to nr_cu_ids=2.
[    0.004000] 	Tasks RCU enabled.
[    0.004000] RCU: djustig geometry for rcu_fanout_leaf=16, nr_cpu_ids=2
[    0.004000] NR_IRQS: 524544, nr_irqs: 440, preallocated irqs: 16
[    0.004000] Console: colour VGA+ 80x25
[    0.004000] console [tty1] enabled
[    0.004000] console [ttyS0] enabled
[    0.004000] ACPI: Core revision 20170831
[    0.004000] ACPI: 2 ACPI AML tables successfully acquiredand loaded
[    0.04000] APIC: Switch to symmetric I/O mode setup
[    0.004353] x2apic enabled
[    0.005517] Switched APIC routing to physical x2apic.
[    0.009188] ..TIMER: vector=0x30 apic1=0 pin1=2 apic2=-1 pin2=-1
[    0.012007] tsc: Detected 2400.000 MHz processor
[    0.013480] Calibrating delay loop (skipped) preset value.. 4800.00 BogoMIPS (lpj=9600000)
[    0.016008] pid_max: default: 32768 minimum: 301
[    0.017481] Security Framework initialized
[    0.020006] Yama: becoming mindful.
[    0.024045] AppArmor: AppArmor initialized
[    0.029646] Dentry cache hash table entries: 131072 (order: 8, 1048576 bytes)
[    0.032096] Inode-cache hash table entries: 65536 (order: 7, 524288 bytes)
[    0.036070] Mount-cache hash table entries: 2048 (order: 2, 16384 bytes)
[    0.040018] Mountpoint-cache hash table entries: 2048 (order: 2, 16384 bytes)
[    0.041586] Last level iTLB entries: 4KB 64, 2MB 8, 4MB 8
[    0.044004] Last level dTLB entries: 4KB 64, 2MB 0, 4MB 0, 1GB 4
[    0.048007] Spectre V1 : Mitigation: usercopy/swapgs barriers and __user pointer sanitization
[    0.052007] Spectre V2 : Mitigation: Full generic retpoline
[    0.056005] Spectre V2 : Spectre v2 / SpectreRSB mitigation: Filling RSB on context switch
[    0.060005] Speculative Store Bypass: Vulnerable
[    0.064040] MDS: Vulnerable: Clear CPU buffers attempted, no microcode
[    0.068140] Freeing SMP alternatives memory: 36K
[    0.080000] smpboot: CPU0: Intel(R) Core(TM) i5-8279U CPU @ 2.40GHz (family: 0x6, model: 0x8e, stepping: 0xa)
[    0.080101] Performance Events: unsupported p6 CPU model 142 no PMU driver, software events only.
[    0.084076] Hierarchical SRCU implementation.
[    0.088516] NMI watchdog: Perf event create on CPU 0 failed with -2
[    0.090148] NMI watchdog: Perf NMI watchdog permanently disabled
[    0.092047] smp: Bringing up secondary CPUs ...
[    0.093238] x86: Booting SMP configuration:
[    0.094204] .... node  #0, CPUs:      #1
[    0.004000] kvm-clock: cpu 1, msr 0:3ff44041, secondary cpu clock
[    0.098981] smp: Brought up 1 node, 2 CPUs
[    0.100019] smpboot: Max logical packages: 1
[    0.102712] smpboot: Total of 2 processors activated (9600.00 BogoMIPS)
[    0.104203] devtmpfs: initialized
[    0.104857] x86/mm: Memory block size: 128MB
[    0.108008] evm: security.selinux
[    0.108879] evm: security.SMACK64
[    0.111543] evm: security.SMACK64EXEC
[    0.112007] evm: security.SMACK64TRANSMUTE
[    0.116003] evm: security.SMACK64MMAP
[    0.120002] evm: security.apparmor
[    0.120869] evm: security.ima
[    0.121682] evm: security.capability
[    0.122649] clocksource: jiffies: mask: 0xffffffff max_cycles: 0xffffffff, max_idle_ns: 7645041785100000 ns
[    0.124012] futex hash table entries: 512 (order: 3, 32768 bytes)
[    0.126505] pinctrl core: initialized pinctrl subsystem
[    0.128102] RTC time:  8:42:50, date: 09/12/19
[    0.129121] NET: Registered protocol family 16
[    0.130058] audit: initializing netlink subsys (disabled)
[    0.132039] audit: type=2000 audit(1568277768.170:1): state=initialized audit_enabled=0 res=1
[    0.136030] cpuidle: using governor ladder
[    0.140007] cpuidle: using governor menu
[    0.140778] ACPI: bus type PCI registered
[    0.144012] acpiphp: ACPI Hot Plug PCI Controller Driver version: 0.5
[    0.148178] PCI: Using configuration type 1 for base access
[    0.156130] HugeTLB registered 2.00 MiB page size, pre-allocated 0 pages
[    0.160247] ACPI: Added _OSI(Module Device)
[    0.161261] ACPI: Added _OSI(Processor Device)
[    0.164032] ACPI: Added _OSI(3.0 _SCP Extensions)
[    0.168007] ACPI: Added _OSI(Processor Aggregator Device)
[    0.172027] ACPI: Added _OSI(Linux-Dell-Video)
[    0.176009] ACPI: Added _OSI(Linux-Lenovo-NV-HDMI-Audio)
[    0.180009] ACPI: Added _OSI(Linux-HPI-Hybrid-Graphics)
[    0.184377] ACPI: Executed 1 blocks of module-level executable AML code
[    0.192795] ACPI: Interpreter enabled
[    0.196029] ACPI: (supports S0 S5)
[    0.200007] ACPI: Using IOAPIC for interrupt routing
[    0.208253] PCI: Using host bridge windows from ACPI; if necessary, use "pci=nocrs" and report a bug
[    0.212234] ACPI: Enabled 2 GPEs in block 00 to 07
[    0.222088] ACPI: PCI Root Bridge [PCI0] (domain 0000 [bus 00-ff])
[    0.224016] acpi PNP0A03:00: _OSC: OS supports [ASPM ClockPM Segments MSI]
[    0.226012] acpi PNP0A03:00: _OSC: not requesting OS control; OS requires [ExtendedConfig ASPM ClockPM MSI]
[    0.228014] acpi PNP0A03:00: fail to add MMCONFIG information, can't access extended PCI configuration space under this bridge.
[    0.231221] PCI host bridge to bus 0000:00
[    0.232004] pci_bus 0000:00: root bus resource [io  0x0000-0x0cf7 window]
[    0.233520] pci_bus 0000:00: root bus resource [io  0x0d00-0xffff window]
[    0.235167] pci_bus 0000:00: root bus resource [mem 0x000a0000-0x000bffff window]
[    0.237904] pci_bus 0000:00: root bus resource [mem 0x40000000-0xfdffffff window]
[    0.239657] pci_bus 0000:00: root bus resource [bus 00-ff]
[    0.242825] pci 0000:00:01.1: legacy IDE quirk: reg 0x10: [io  0x01f0-0x01f7]
[    0.244003] pci 0000:00:01.1: legacy IDE quirk: reg 0x14: [io  0x03f6]
[    0.248003] pci 0000:00:01.1: legacy IDE quirk: reg 0x18: [io  0x0170-0x0177]
[    0.249783] pci 0000:00:01.1: legacy IDE quirk: reg 0x1c: [io  0x0376]
[    0.273223] pci 0000:00:07.0: quirk: [io  0x4000-0x403f] claimed by PIIX4 ACPI
[    0.274653] pci 0000:00:07.0: quirk: [io  0x4100-0x410f] claimed by PIIX4 SMB
[    0.285651] ACPI: PCI Interrupt Link [LNKA] (IRQs 5 9 10 *11)
[    0.288301] ACPI: PCI Interrupt Link [LNKB] (IRQs 5 9 *10 11)
[    0.296208] ACPI: PCI Interrupt Link [LNKC] (IRQs 5 *9 10 11)
[    0.304084] ACPI: PCI Interrupt Link [LNKD] (IRQs 5 9 10 *11)
[    0.308414] SCSI subsystem initialized
[    0.316067] pci 0000:00:02.0: vgaarb: setting as boot VGA device
[    0.320000] pci 0000:00:02.0: vgaarb: VGA device added: decodes=io+mem,owns=io+mem,locks=none
[    0.320011] pci 0000:00:02.0: vgaarb: bridge control possible
[    0.324008] vgaarb: loaded
[    0.328061] ACPI: bus type USB registered
[    0.332071] usbcore: registered new interface driver usbfs
[    0.333086] usbcore: registered new interface driver hub
[    0.334162] usbcore: registered new device driver usb
[    0.336063] EDAC MC: Ver: 3.0.0
[    0.336923] PCI: Using ACPI for IRQ routing
[    0.337395] NetLabel: Initializing
[    0.340003] NetLabel:  domain hash size = 128
[    0.344002] NetLabel:  protocols = UNLABELED CIPSOv4 CALIPSO
[    0.348035] NetLabel:  unlabeled traffic allowed by default
[    0.349137] clocksource: Switched to clocksource kvm-clock
[    0.40354] VFS: Disk quotas dquot_6.6.0
[    0.441078] VFS: Dquot-cache hash table entries: 512 (order 0, 4096 bytes)
[    0.444791] AppArmor: AppArmor Filesystem Enabled
[  0.463] np: PnPACPI init
[    0.598086] pnp: PnP ACPI: found 3 devices

[    0.615832] clocksource: acpi_pm: mask: 0xffffff max_cycles: 0xffffff, max_idle_ns: 2085701024 ns
[    0.618396] NET: Registered protocol family 2
[    0.621371] TCP established hash table entries: 8192 (order: 4, 65536 bytes)
[    0.623001] TCP bind hash table entries: 8192 (order: 5, 131072 bytes)
[    0.624552] TCP: Hash tables configured (established 8192 bind 8192)
[    0.625997] UDP hash table entries: 512 (order: 2, 16384 bytes)
[    0.627387] UDP-Lite hash table entries: 512 (order: 2, 16384 bytes)
[    0.628861] NET: Registered protocol fmily 1
[  06505pci 0000:00:00.0: Limiting direct PCI/PCI transfers
[   8083pci 0000:010: AivtingISA A ngorarnd
[  15056] i 0000:00:02.0: Video device with shadowed ROM at [mem 0x000c0000-0x000dffff]
[    1.509425] Unpacking initramfs...

[    1.779752] Freeing initrd memory: 19668K
[    1.790219] clocksource: tsc: mask: 0xffffffffffffffff max_cycles: 0x22983777dd9, max_idle_ns: 440795300422 ns
[    1.818224] platform rtc_cmos: registered platform RTC device (no PNP device found)
[    1.819648] Scanning for low memory corruption every 60 seconds
[    1.899241] Initialise system trusted keyrings
[    1.943709] Key type blacklist registered
[    1.950772] workingset: timestamp_bits=36 max_order=18 bucket_order=0
[    1.989457] zbud: loaded
[    1.990641] squashfs: version 4.0 (2009/01/31) Phillip Lougher
[    1.997460] fuse init (API version 7.26)
[    2.030794] Key type asymmetric registered
[    2.031744] Asymmetric key parser 'x509' registered
[    2.042290] Block layer SCSI generic (bsg) driver version 0.4 loaded (major 246)
[    2.081007] io scheduler noop registered
[    2.100302] io scheduler deadline registered
[    2.151478] io scheduler cfq registered (default)
[    2.202632] ACPI: AC Adapter [AC] (on-line)
[    2.250728] input: Power Button as /devices/LNXSYSTM:00/LNXPWRBN:00/input/input0
[    2.325117] ACPI: Power Button [PWRF]
[    2.354131] input: Sleep Button as /devices/LNXSYSTM:00/LNXSLPBN:00/input/input1
[    2.457210] ACPI: Sleep Button [SLPF]
[    2.494939] ACPI: Battery Slot [BAT0] (battery present)
[    2.497039] Serial: 8250/16550 driver, 32 ports, IRQ sharing enabled
[    2.525522] 00:02: ttyS0 at I/O 0x3f8 (irq = 4, base_baud = 115200) is a 16550A
[    2.560979] Linux agpgart interface v0.103
[    2.594508] loop: module loaded
[    2.603650] scsi host0: ata_piix
[    2.640007] scsi host1: ata_piix
[    2.649361] ata1: PATA max UDMA/33 cmd 0x1f0 ctl 0x3f6 bmdma 0xd000 irq 14
[    2.694808] ata2: PATA max UDMA/33 cmd 0x170 ctl 0x376 bmdma 0xd008 irq 15
[    2.701461] libphy: Fixed MDIO Bus: probed
[    2.743352] tun: Universal TUN/TAP device driver, 1.6
[    2.780054] PPP generic driver version 2.4.2
[    2.781158] ehci_hcd: USB 2.0 'Enhanced' Host Controller (EHCI) Driver
[    2.782711] ehci-pci: EHCI PCI platform driver
[    2.783851] ehci-platform: EHCI generic platform driver
[    2.785227] ohci_hcd: USB 1.1 'Open' Host Controller (OHCI) Driver
[    2.786810] ohci-pci: OHCI PCI platform driver
[    2.787882] ohci-platform: OHCI generic platform driver
[    2.789389] uhci_hcd: USB Universal Host Controller Interface driver
[    2.793064] i8042: PNP: PS/2 Controller [PNP0303:PS2K,PNP0f03:PS2M] at 0x60,0x64 irq 1,12
[    2.797428] serio: i8042 KBD port at 0x60,0x64 irq 1
[    2.798853] serio: i8042 AUX port at 0x60,0x64 irq 12
[    2.802332] mousedev: PS/2 mouse device common for all mice
[    2.805895] input: AT Translated Set 2 keyboard as /devices/platform/i8042/serio0/input/input2
[    2.808664] rtc_cmos rtc_cmos: rtc core: registered rtc_cmos as rtc0
[    2.810259] rtc_cmos rtc_cmos: alarms up to one day, 114 bytes nvram
[    2.811817] i2c /dev entries driver
[    2.812755] device-mapper: uevent: version 1.0.3
[    2.813950] device-mapper: ioctl: 4.37.0-ioctl (2017-09-20) initialised: dm-devel@redhat.com
[    2.815957] ledtrig-cpu: registered to indicate activity on CPUs
[    2.817704] NET: Registered protocol family 10
[    2.822475] Segment Routing with IPv6
[    2.823239] NET: Registered protocol family 17
[    2.824180] Key type dns_resolver registered
[    2.825241] mce: Using 0 MCE banks
[    2.825934] RAS: Correctable Errors collector initialized.
[    2.826981] sched_clock: Marking stable (2825183099, 0)->(11501256706, -8676073607)
[    2.828865] registered taskstats version 1
[    2.829687] Loading compiled-in X.509 certificates
[    2.832790] Loaded X.509 cert 'Build time autogenerated kernel key: 9d88e3c0462fa0d2df2917e8bbfdfdd1c55d8ddc'
[    2.905692] zswap: loaded using pool lzo/zbud
[    2.912096] Key type big_key registered
[    2.913195] Key type trusted registered
[    2.917329] Key type encrypted registered
[    2.918457] AppArmor: AppArmor sha1 policy hashing enabled
[    2.920347] ima: No TPM chip found, activating TPM-bypass! (rc=-19)
[    2.926205] ima: Allocated hash algorithm: sha1
[    2.927386] evm: HMAC attrs: 0x1
[    2.928581]   Magic number: 3:451:725
[    2.929509] block loop5: hash matches
[    2.930530] rtc_cmos rtc_cmos: setting system clock to 2019-09-12 08:42:54 UTC (1568277774)
[    2.934281] BIOS EDD facility v0.16 2004-Jun-25, 0 devices found
[    2.935762] EDD information not available.
[    2.939872] Freeing unused kernel image memory: 2436K
[    2.960195] Write protecting the kernel read-only data: 20480k
[    2.988542] Freeing unused kernel image memory: 2008K
[    2.999397] Freeing unused kernel image memory: 1972K
[    3.014745] x86/mm: Checked W+X mappings: passed, no W+X pages found.
[    3.016373] x86/mm: Checking user space page tables
[    3.021823] x86/mm: Checked W+X mappings: passed, no W+X pages found.
Loading, please wait...
starting version 237
[    3.073271] e1000: Intel(R) PRO/1000 Network Driver - version 7.3.21-k8-NAPI
[    3.155158] e1000: Copyright (c) 1999-2006 Intel Corporation.
[    3.164969] Fusion MPT base driver 3.04.20
[    3.167367] Copyright (c) 1999-2008 LSI Corporation
[    3.197719] Fusion MPT SPI Host driver 3.04.20
[    3.293364] AVX2 version of gcm_enc/dec engaged.
[    3.338797] AES CTR mode by8 optimization enabled
[    3.428292] input: ImExPS/2 Generic Explorer Mouse as /devices/platform/i8042/serio1/input/input4
[    3.686499] e1000 0000:00:03.0 eth0: (PCI:33MHz:32-bit) 02:cc:50:df:d9:b9
[    3.870399] e1000 0000:00:03.0 eth0: Intel(R) PRO/1000 Network Connection
[    3.873028] mptbase: ioc0: Initiating bringup
[    3.968339] ioc0: LSI53C1030 A0: Capabilities={Initiator}
[    4.426639] scsi host2: ioc0: LSI53C1030 A0, FwRev=00000000h, Ports=1, MaxQ=256, IRQ=20
[    4.718612] scsi 2:0:0:0: Direct-Access     VBOX     HARDDISK         1.0  PQ: 0 ANSI: 5
[    5.111882] scsi target2:0:0: Beginning Domain Validation
[    5.127684] e1000 0000:00:08.0 eth1: (PCI:33MHz:32-bit) 08:00:27:91:51:f9
[    5.272772] scsi target2:0:0: Domain Validation skipping write tests
[    5.345695] e1000 0000:00:08.0 eth1: Intel(R) PRO/1000 Network Connection
[    5.388783] scsi target2:0:0: Ending Domain Validation
[    5.393910] e1000 0000:00:03.0 enp0s3: renamed from eth0
[    5.422730] scsi target2:0:0: asynchronous
[    5.441809] scsi 2:0:1:0: Direct-Access     VBOX     HARDDISK         1.0  PQ: 0 ANSI: 5
[    5.450450] e1000 0000:00:08.0 enp0s8: renamed from eth1
[    5.532466] scsi target2:0:1: Beginning Domain Validation
[    5.673252] random: fast init done
[    6.195566] scsi target2:0:1: Domain Validation skipping write tests
[    6.314812] scsi target2:0:1: Ending Domain Validation
[    6.477496] scsi target2:0:1: asynchronous
[    6.547220] random: systemd-udevd: uninitialized urandom read (16 bytes read)
[    6.548612] random: systemd-udevd: uninitialized urandom read (16 bytes read)
[    6.548911] sd 2:0:0:0: [sda] 20971520 512-byte logical blocks: (10.7 GB/10.0 GiB)
[    6.651856] random: systemd-udevd: uninitialized urandom read (16 bytes read)
[    6.653314] sd 2:0:0:0: Attached scsi generic sg0 type 0
[    6.655975] sd 2:0:1:0: Attached scsi generic sg1 type 0
[    6.657138] sd 2:0:0:0: [sda] Write Protect is off
[    6.658111] sd 2:0:1:0: [sdb] 20480 512-byte logical blocks: (10.5 MB/10.0 MiB)
[    6.659498] sd 2:0:1:0: [sdb] Write Protect is off
[    6.660045] sd 2:0:0:0: [sda] Incomplete mode parameter data
[    6.662089] sd 2:0:0:0: [sda] Assuming drive cache: write through
[    6.662238] sd 2:0:1:0: [sdb] Incomplete mode parameter data
[    6.730548] sd 2:0:1:0: [sdb] Assuming drive cache: write through
[    6.865358]  sda: sda1
[    6.872338] sd 2:0:0:0: [sda] Attached SCSI disk
[    6.876216] sd 2:0:1:0: [sdb] Attached SCSI disk
Begin: Loading essential drivers ... [    8.292030] raid6: sse2x1   gen() 12777 MB/s
[    8.340266] raid6: sse2x1   xor()  9375 MB/s
[    8.392112] raid6: sse2x2   gen() 13420 MB/s
[    8.472291] raid6: sse2x2   xor() 10881 MB/s
[    8.556559] raid6: sse2x4   gen() 17764 MB/s
[    8.604117] raid6: sse2x4   xor() 10553 MB/s
[    8.652171] raid6: avx2x1   gen() 26588 MB/s
[    8.764230] raid6: avx2x1   xor() 17631 MB/s
[    8.896083] raid6: avx2x2   gen() 32425 MB/s
[    9.012566] raid6: avx2x2   xor() 18784 MB/s
[    9.124352] raid6: avx2x4   gen() 36731 MB/s
[    9.216023] raid6: avx2x4   xor() 20624 MB/s
[    9.258088] raid6: using algorithm avx2x4 gen() 36731 MB/s
[    9.285007] raid6: .... xor() 20624 MB/s, rmw enabled
[    9.297797] raid6: using avx2x2 recovery algorithm
[    9.301676] xor: automatically using best checksumming function   avx       
[    9.305379] async_tx: api initialized (async)
done.
Begin: Running /scripts/init-premount ... done.
Begin: Mounting root file system ... Begin: Running /scripts/local-top ... done.
Begin: Running /scripts/local-premount ... [    9.364568] Btrfs loaded, crc32c=crc32c-intel
Scanning for Btrfs filesystems
done.
Warning: fsck not present, so skipping root file system
[    9.422216] EXT4-fs (sda1): mounted filesystem with ordered data mode. Opts: (null)
done.
Begin: Running /scripts/local-bottom ... done.
Begin: Running /scripts/init-bottom ... done.
[    9.586321] ip_tables: (C) 2000-2006 Netfilter Core Team
[    9.595527] systemd[1]: systemd 237 running in system mode. (+PAM +AUDIT +SELINUX +IMA +APPARMOR +SMACK +SYSVINIT +UTMP +LIBCRYPTSETUP +GCRYPT +GNUTLS +ACL +XZ +LZ4 +SECCOMP +BLKID +ELFUTILS +KMOD -IDN2 +IDN -PCRE2 default-hierarchy=hybrid)
[    9.599765] systemd[1]: Detected virtualization oracle.
[    9.600983] systemd[1]: Detected architecture x86-64.

Welcome to [1mUbuntu 18.04.3 LTS[0m!

[    9.609349] systemd[1]: Set hostname to <ubuntu-bionic>.
[    9.864963] systemd[1]: Reached target System Time Synchronized.
[[0;32m  OK  [0m] Reached target System Time Synchronized.
[    9.888819] systemd[1]: Reached target Swap.
[[0;32m  OK  [0m] Reached target Swap.
[   10.432771] systemd[1]: Set up automount Arbitrary Executable File Formats File System Automount Point.
[[0;32m  OK  [0m] Set up automount Arbitrary Executabâ€¦rmats File System Automount Point.
[   10.599078] systemd[1]: Created slice System Slice.
[[0;32m  OK  [0m] Created slice System Slice.
[   10.885952] systemd[1]: Listening on udev Control Socket.
[[0;32m  OK  [0m] Listening on udev Control Socket.
[   11.612460] systemd[1]: Listening on Journal Socket (/dev/log).
[[0;32m  OK  [0m] Listening on Journal Socket (/dev/log).
[[0;32m  OK  [0m] Listening on udev Kernel Socket.
[[0;32m  OK  [0m] Listening on Network Service Netlink Socket.
[[0;32m  OK  [0m] Listening on LVM2 poll daemon socket.
[[0;32m  OK  [0m] Created slice system-serial\x2dgetty.slice.
[[0;32m  OK  [0m] Listening on Syslog Socket.
[[0;32m  OK  [0m] Created slice User and Session Slice.
[[0;32m  OK  [0m] Reached target Slices.
[[0;32m  OK  [0m] Listening on /dev/initctl Compatibility Named Pipe.
[[0;32m  OK  [0m] Reached target User and Group Name Lookups.
[[0;32m  OK  [0m] Listening on Device-mapper event daemon FIFOs.
[[0;32m  OK  [0m] Started Forward Password Requests to Wall Directory Watch.
[[0;32m  OK  [0m] Listening on Journal Audit Socket.
[[0;32m  OK  [0m] Listening on LVM2 metadata daemon socket.
[[0;32m  OK  [0m] Listening on Journal Socket.
         Mounting POSIX Message Queue File System...
         Starting Uncomplicated firewall...
         Starting Remount Root and Kernel File Systems...
         Starting Set the consol[   12.551725] EXT4-fs (sda1): re-mounted. Opts: (null)
e keyboard layout...
         Starting Journal Service...
         Starting Create list of required stâ€¦ce nodes for the current kernel...
         Starting Monitoring of LVM2 mirrorsâ€¦ng dmeventd or progress polling...
         Mounting Kernel Debug File System...
         Starting udev Coldplug all Devices...
         Starting Load Kernel Modules...
         Mounting Huge Pages File System...
[[0;32m  OK  [0m] Started Journal Service.
[[0;32m  OK  [0m] Mounted POSIX Message Queue File System.
[[0;32m  OK  [0m] Started Uncomplicated firewall.
[[0;32m  OK  [0m] Started Remount Root and Kernel File Systems.
[[0;32m  OK  [0m] Started Create list of required staâ€¦vice nodes for the current kernel.
[[0;32m  OK  [0m] Mounted Kernel Debug File System.
[[0;32m  OK  [0m] Mounted Huge Pages File System.
         Starting Create Static Device Nodes in /dev...
         Starting Load/Save Random Seed...
[   12.689735] Loading iSCSI transport class v2.0-870.
         Starting Flush Journal to Persistent Storage...
[[0;32m  OK  [0m] Started udev Coldplug all Devices.
[[0;32m  OK  [0m] Started Create Static Device Nodes in /dev.
[[0;32m  OK  [0m] Started Load/Save Random Seed.
[[0;32m  OK  [0m] Started LVM2 metadata daemon.[   12.833005] iscsi: registered transport (tcp)

         Starting udev Kernel Device Manager...
[   12.878590] systemd-journald[405]: Received request to flush runtime journal from PID 1
[[0;32m  OK  [0m] Started udev Kernel Device Manager.
[[0;32m  OK  [0m] Started Monitoring of LVM2 mirrors,â€¦sing dmeventd or progress polling.
[   12.942780] iscsi: registered transport (iser)
[[0;32m  OK  [0m] Started Load Kernel Modules.
         Starting Apply Kernel Variables...
         Mounting FUSE Control File System...
         Mounting Kernel Configuration File System...
[[0;32m  OK  [0m] Mounted FUSE Control File System.
[[0;32m  OK  [0m] Mounted Kernel Configuration File System.
[[0;32m  OK  [0m] Started Apply Kernel Variables.
[[0;32m  OK  [0m] Found device /dev/ttyS0.
[[0;32m  OK  [0m] Listening on Load/Save RF Kill Switch Status /dev/rfkill Watch.
[[0;32m  OK  [0m] Started Flush Journal to Persistent Storage.
[[0;32m  OK  [0m] Started Set the console keyboard layout.
[[0;32m  OK  [0m] Reached target Local File Systems (Pre).
[[0;32m  OK  [0m] Reached target Local File Systems.
         Starting Set console font and keymap...
         Starting ebtables ruleset management...
         Starting AppArmor initialization...
         Starting Tell Plymouth To Write Out Runtime Data...
         Starting Create Volatile Files and Directories...
[[0;32m  OK  [0m] Started Dispatch Password Requests to Console Directory Watch.
[[0;32m  OK  [0m] Reached target Local Encrypted Volumes.
[[0;32m  OK  [0m] Started Set console font and keymap.
[[0;32m  OK  [0m] Started Tell Plymouth To Write Out Runtime Data.
[[0;32m  OK  [0m] Started Create Volatile Files and Directories.
         Starting Update UTMP about System Boot/Shutdown...
[[0;32m  OK  [0m] Started ebtables ruleset management.
[[0;32m  OK  [0m] Started Update UTMP about System Boot/Shutdown.
[[0;32m  OK  [0m] Started AppArmor initialization.
         Starting Initial cloud-init job (pre-networking)...
[   15.233260] cloud-init[775]: Cloud-init v. 19.1-1-gbaa47854-0ubuntu1~18.04.1 running 'init-local' at Thu, 12 Sep 2019 08:43:06 +0000. Up 15.02 seconds.
[[0;32m  OK  [0m] Started Initial cloud-init job (pre-networking).
[[0;32m  OK  [0m] Reached target Network (Pre).
         Starting Network Service...
[[0;32m  OK  [0m] Started Network Service.
         Starting Network Name Resolution...
         Starting Wait for Network to be Configured...
[[0;32m  OK  [0m] Started Network Name Resolution.
[[0;32m  OK  [0m] Reached target Host and Network Name Lookups.
[[0;32m  OK  [0m] Reached target Network.
[[0;32m  OK  [0m] Started Wait for Network to be Configured.
         Starting Initial cloud-init job (metadata service crawler)...
[   17.782453] cloud-init[885]: Cloud-init v. 19.1-1-gbaa47854-0ubuntu1~18.04.1 running 'init' at Thu, 12 Sep 2019 08:43:09 +0000. Up 17.67 seconds.
[   17.868662] cloud-init[885]: ci-info: ++++++++++++++++++++++++++++++++++++++Net device info+++++++++++++++++++++++++++++++++++++++
[   17.873189] cloud-init[885]: ci-info: +--------+------+-----------------------------+---------------+--------+-------------------+
[   17.875137] cloud-init[885]: ci-info: | Device |  Up  |           Address           |      Mask     | Scope  |     Hw-Address    |
[   17.877067] cloud-init[885]: ci-info: +--------+------+-----------------------------+---------------+--------+-------------------+
[   17.878981] cloud-init[885]: ci-info: | enp0s3 | True |          10.0.2.15          | 255.255.255.0 | global | 02:cc:50:df:d9:b9 |
[   17.880904] cloud-init[885]: ci-info: | enp0s3 | True |  fe80::cc:50ff:fedf:d9b9/64 |       .       |  link  | 02:cc:50:df:d9:b9 |
[   17.882865] cloud-init[885]: ci-info: | enp0s8 | True |        192.168.33.10        | 255.255.255.0 | global | 08:00:27:91:51:f9 |
[   17.884920] cloud-init[885]: ci-info: | enp0s8 | True | fe80::a00:27ff:fe91:51f9/64 |       .       |  link  | 08:00:27:91:51:f9 |
[   17.891457] cloud-init[885]: ci-info: |   lo   | True |          127.0.0.1          |   255.0.0.0   |  host  |         .         |
[   17.932619] cloud-init[885]: ci-info: |   lo   | True |           ::1/128           |       .       |  host  |         .         |
[   17.949812] cloud-init[885]: ci-info: +--------+------+-----------------------------+---------------+--------+-------------------+
[[   18.016573] cloud-init[885]: ci-info: +++++++++++++++++++++++++++++Route IPv4 info+++++++++++++++++++++++++++++
[   18.016733] cloud-init[885]: ci-info: +-------+--------------+----------+-----------------+-----------+-------+
[   18.016949] cloud-init[885]: ci-info: | Route | Destination  | Gateway  |     Genmask     | Interface | Flags |
[   18.017167] cloud-init[885]: ci-info: +-------+--------------+----------+-----------------+-----------+-------+
[   18.017378] cloud-init[885]: ci-info: |   0   |   0.0.0.0    | 10.0.2.2 |     0.0.0.0     |   enp0s3  |   UG  |
[   18.017595] cloud-init[885]: ci-info: |   1   |   10.0.2.0   | 0.0.0.0  |  255.255.255.0  |   enp0s3  |   U   |
[0;32m  OK  [0m] Started Initial cloud-init job (metadata service crawler).
[   18.017862] cloud-init[885]: ci-info: |   2   |   10.0.2.2   | 0.0.0.0  | 255.255.255.255 |   enp0s3  |   UH  |
[[0;32m  OK  [0m[   18.039365] cloud-init[885]: ci-info: |   3   | 192.168.33.0 | 0.0.0.0  |  255.255.255.0  |   enp0s8  |   U   |
[   18.040369] cloud-init[885]: ci-info: +-------+--------------+----------+-----------------+-----------+-------+
[   18.040627] cloud-init[885]: ci-info: +++++++++++++++++++Route IPv6 info+++++++++++++++++++
[   18.041196] cloud-init[885]: ci-info: +-------+-------------+---------+-----------+-------+
[   18.041418] cloud-init[885]: ci-info: | Route | Destination | Gateway | Interface | Flags |
[   18.042356] cloud-init[885]: ci-info: +-------+-------------+---------+-----------+-------+
[   18.042697] cloud-init[885]: ci-info: |   1   |  fe80::/64  |    ::   |   enp0s8  |   U   |
[   18.043541] cloud-init[885]: ci-info: |   2   |  fe80::/64  |    ::   |   enp0s3  |   U   |
[   18.043921] cloud-init[885]: ci-info: |   4   |    local    |    ::   |   enp0s3  |   U   |
[   18.044878] cloud-init[885]: ci-info: |   5   |    local    |    ::   |   enp0s8  |   U   |
] Reached target Cloud-config availability.
[   18.045153] cloud-init[885]: ci-info: |   6   |   ff00::/8  |    ::   |   enp0s8  |   U   |
[   18.045278] cloud-init[885]: ci-info: |   7   |   ff00::/8  |    ::   |   enp0s3  |   U   |
[[   18.072491] cloud-init[885]: ci-info: +-------+-------------+---------+-----------+-------+
[0;32m  OK  [0m] Reached target Network is Online.
[[0;32m  OK  [0m] Reached target Remote File Systems (Pre).
[[0;32m  OK  [0m] Reached target Remote File Systems.
         Starting Availability of block devices...
[[0;32m  OK  [0m] Reached target System Initialization.
[[0;32m  OK  [0m] Listening on UUID daemon activation socket.
         Starting Socket activation for snappy daemon.
[[0;32m  OK  [0m] Listening on Open-iSCSI iscsid Socket.
         Starting LXD - unix socket.
[[0;32m  OK  [0m] Listening on ACPID Listen Socket.
[[0;32m  OK  [0m] Started Message of the Day.
[[0;32m  OK  [0m] Listening on D-Bus System Message Bus Socket.
[[0;32m  OK  [0m] Started ACPI Events Check.
[[0;32m  OK  [0m] Started Daily apt download activities.
[[0;32m  OK  [0m] Started Daily apt upgrade and clean activities.
[[0;32m  OK  [0m] Started Daily Cleanup of Temporary Directories.
[[0;32m  OK  [0m] Started Discard unused blocks once a week.
[[0;32m  OK  [0m] Reached target Timers.
[[0;32m  OK  [0m] Reached target Paths.
[[0;32m  OK  [0m] Started Availability of block devices.
[[0;32m  OK  [0m] Listening on Socket activation for snappy daemon.
[[0;32m  OK  [0m] Listening on LXD - unix socket.
[[0;32m  OK  [0m] Reached target Sockets.
[[0;32m  OK  [0m] Reached target Basic System.
         Starting Snappy daemon...
[[0;32m  OK  [0m] Started Deferred execution scheduler.
         Starting OpenBSD Secure Shell server...
[[0;32m  OK  [0m] Started FUSE filesystem for LXC.
         Starting LXD - container startup/shutdown...
[[0;32m  OK  [0m] Started D-Bus System Message Bus.
         Starting LSB: automatic crash report generation...
         Starting Dispatcher daemon for systemd-networkd...
         Starting LSB: Record successful boot for GRUB...
[[0;32m  OK  [0m] Started Regular background program processing daemon.
         Starting vboxadd.service...
         Starting System Logging Service...
         Starting Permit User Sessions...
         Starting Accounts Service...
         Starting Login Service...
[[0;32m  OK  [0m] Started irqbalance daemon.
[[0;32m  OK  [0m] Started Snappy daemon.
[[0;32m  OK  [0m] Started System Logging Service.
[[0;32m  OK  [0m] Started LXD - container startup/shutdown.
[[0;32m  OK  [0m] Started Permit User Sessions.
         Starting Hold until boot process finishes up...
         Starting Terminate Plymouth Boot Screen...
         Starting Wait until snapd is fully seeded...
[[0;32m  OK  [0m] Started OpenBSD Secure Shell server.
[[0;32m  OK  [0m] Started Hold until boot process finishes up.
[[0;32m  OK  [0m] Started Terminate Plymouth Boot Screen.
[[0;32m  OK  [0m] Started Serial Getty on ttyS0.
         Starting Set console scheme...
[[0;32m  OK  [0m] Started Login Service.
[[0;32m  OK  [0m] Started Unattended Upgrades Shutdown.
[[0;32m  OK  [0m] Started Wait until snapd is fully seeded.
[[0;32m  OK  [0m] Started Set console scheme.
[[0;32m  OK  [0m] Created slice system-getty.slice.
[[0;32m  OK  [0m] Started Getty on tty1.
[[0;32m  OK  [0m] Reached target Login Prompts.
         Starting Apply the settings specified in cloud-config...
         Starting Authorization Manager...
[[0;32m  OK  [0m] Started LSB: automatic crash report generation.
[[0;32m  OK  [0m] Started LSB: Record successful boot for GRUB.
[[0;32m  OK  [0m] Started Authorization Manager.
[[0;32m  OK  [0m] Started Accounts Service.
[[0;32m  OK  [0m] Started Dispatcher daemon for systemd-networkd.
[[0;32m  OK  [0m] Created slice User Slice of vagrant.
[[0;32m  OK  [0m] Started vboxadd.service.
[[0;32m  OK  [0m] Started Session 1 of user vagrant.
         Starting vboxadd-service.service...
         Starting User Manager for UID 1000...
[[0;32m  OK  [0m] Started vboxadd-service.service.
[[0;32m  OK  [0m] Started User Manager for UID 1000.
[[0;32m  OK  [0m] Reached target Multi-User System.
[[0;32m  OK  [0m] Reached target Graphical Interface.
         Starting Update UTMP about System Runlevel Changes...
[[0;32m  OK  [0m] Started Update UTMP about System Runlevel Changes.
[   19.406845] cloud-init[1161]: Cloud-init v. 19.1-1-gbaa47854-0ubuntu1~18.04.1 running 'modules:config' at Thu, 12 Sep 2019 08:43:10 +0000. Up 19.31 seconds.
[[0;32m  OK  [0m] Started Apply the settings specified in cloud-config.
         Starting Execute cloud user/final scripts...
[   19.914238] cloud-init[1359]: Cloud-init v. 19.1-1-gbaa47854-0ubuntu1~18.04.1 running 'modules:final' at Thu, 12 Sep 2019 08:43:11 +0000. Up 19.82 seconds.
[[0;32m  OK  [0m] Started Execute cloud user/final scripts.
[[0;32m  OK  [0m] Reached target Cloud-init target.
[   20.024343] cloud-init[1359]: Cloud-init v. 19.1-1-gbaa47854-0ubuntu1~18.04.1 finished at Thu, 12 Sep 2019 08:43:11 +0000. Datasource DataSourceNoCloud [seed=/dev/sdb][dsmode=net].  Up 19.90 seconds

Ubuntu 18.04.3 LTS ubuntu-bionic ttyS0

ubuntu-bionic login: 