[    0.000] Linux vsin 4.15.0-60-generic (buddlgw01-d64-030) (gcc version 7.4.0 (Ubuntu 7.4.0-1ubuntu1~18.04.1)) #67-Ubuntu SMP Thu Aug 22 16:55:30 UTC 2019 (Ubuntu 4.15.0-60.67-generic 4.15.18)
[    0.000000] Command line: BOOT_IMAGE=/bot/vinz-4.15.0-60-generic root=UUID=c96d8c50-ee80-4ac7-84c9-0244f1234dc ro console=tty1 console=ttyS0
[    000000] KERNEL suppted cpus:
[   0.000000] Intel GenuineInte
[   0.0000]  AMD AuthentcAMD
[    0.0000   Centaur CentaurHauls
[    0.000000] x86/fpu: Supporting XSAVE feature 0x001: 'x87 floating point registers'
[    0.000000] x86/fpu: Supporting XSAVE feature 0x002: 'SSE registers'
[    0.000000] x86/fpu: Sporting XSAVE featu 0x004: 'AV rgisters'
[    0.000000] x86/fpu: xstate_offset[2]:  576, xstate_siz[2:  256
[   .00000] x86/fp: naled xstate features 0x7, context size is 832 bytes, using 'standard' format.
[    0.000000] e820: BIOS-provided physical RAM map:
[    0.000000] BIOS-e820: [mem 0x0000000000000000-0x000000000009fbff] usable
[    0.000000] BIOS-e820: [mem 0x000000000009fc00-0x000000000009ffff] reserved
[    0.000000] BIOS-e820: [mem 0x00000000000f0000-0x00000000000fffff] reserved
[    0.000000] BIOS-e820: [mem 0x0000000000100000-0x000000003ffeffff] usable
[    0.000000] BIOS-e820: [mem 0x000000003fff0000-0x0000003fffffff] ACPI dat
    0.00000] BIOS-e820: [mem 0x00000000ec0000-0x000000fec00fff] reserved
[    0.000000] BIOS-e820: [mem 0x00000000fee00000-0x00000000fee00fff] reserved
[    0.000000] BIOS-e820: [mem 0x00000000fffc0000-0x00000000ffffffff] reserved
[    0.000000] NX (Execute Disable) protection: active
[    0.000000] SMBIOS 2.5 present.
[    0.000000] DMI: innotek GmbH VirtualBox/VirtualBox, BIOS VirtualBox 12/01/2006
[    0.000000] Hypervisor detected: KVM
[    0.000000] e820: last_pfn = 0x3fff0 max_arch_pfn = 0x400000000
[    0.000000] MTRR: Disabled
[    0.000000] x86/PAT: MTRRs disabled, skipping PAT initialization too.
[    0.000000] CPU MTRRs all blank - virtualized system.
[    0.000000] x86/PAT: Configuration [0-7]: WB  WT  UC- UC  WB  WT  UC- UC  
[    0.000000] found SMP MP-table at [mem 0x0009fff0-0x0009ffff]
[    0.000000] Scanning 1 areas for low memory corruption
[    0.000000] RMDISK: [mem 0x35983000-0x36cb8fff]
[    0.000000] ACPI: Early table checksum verification disabled
[    0.000000] ACPI: RSDP 0x00000000000E0000 000024 (v02 VBOX  )
[    0.000000] ACPI: XSDT 0x000000003FFF0030 00003C (v01 VBOX   VBOXXSDT 00000001SL  00000061)
[    0.000000] ACPI: FACP 0x000000003FFF00F0 0000F4 (v04 VBOX   VBOXFACP 00000001 ASL  00000061)
[    0.000000] ACPI: DSDT 0x000000003FFF0470 0021FF (v02 VBOX   VBOXBIOS 00000002 INTL 20100528)
[    0.000000] ACPI: FACS 0x000000003FFF0200 000040
[    0.000000] ACPI: FACS 0x000000003FFF0200 000040
[    0.000000] ACPPI: APIC 0x000000003FFF0240 00005C (v02 VBOX   VBOXAPIC 00000001 ASL  00000061)
[    0.00000 API: SSDT 0x000000FFF02A0 000C v01 VB  VBOXCPT 0000002 INT 210528)
[   .000000No NMA conigraion found
[    0.000000] Faking a node at [mem 0x0000000000000000-0x000000003ffeffff]
[   .000000] NOD_DTA0)) allatd [mem 0x3ffc5000-0x3ffeffff]
[    0.000000] kvm-clock: cpu 0, msr 0:3ff44001, primary cpu clock
[    0.000000] kvm-clock: Using msrs 4b564d01 and 4b564d00
[    0.000000] kvm-clock: using sched offset of 4237888265 cycles
[    0.000000] clocksource: kvm-clock: mask: 0xffffffffffffffff max_cycles: 0x1cd42e4dffb, max_idle_ns: 881590591483 ns
[    0.000000] Zone ranges:
[    0.000000]   DMA      [mem 0x0000000000001000-0x0000000000ffffff]
[    0.000000]   DMA32    [mem 0x00000000010000-0x000000003ffeff]
[   .00000]   Norl  empty
[    0.0000]  evce   empty
[    0.000000] Movable zone start for each node
[    0.000000] Early memory node ranges
[    0.000000]   node   0: [mem 0x0000000000001000-0x000000000009efff]
[    0.000000]   node   0: [mem 0x0000000000100000-0x000000003ffeffff]
[    0.000000] Reserved but unavailable: 98 pages
[    0..000000] Initmem setup node 0 [mem 0x0000000000001000-0x000000003ffeffff]
[    0.000000] ACPI: PM-Timer IO Port: 0x4008
[    0.000000] IOAPIC[0]: apic_id 2, version 32, address 0xfec00000, GSI 0-23
[    0.000000] ACPI: INT_SRC_OVR (bus 0 bus_irq 0 global_irq 2 dfl dfl)
[    0.000000] ACPI: INT_SRC_OVR (bus 0 bus_irq 9 global_irq 9 low level)
[    0.000000] Using ACPI (MADT) for SMP configuration information
[    0.000000] smpboot: Allowing 2 CPUs, 0 hotplug CPUs
[    0.000000] PM: Registered nosave memory: [mem 0x00000000-0x00000fff]
[    0.000000] PM: Registered nosave memory: [mem 0x0009f000-0x0009ffff]
[    0.000000] PM: Registered nosave memory [mem 0x000000-0x000effff]
[    0.000000] PM: Registered nosave memory: [mem 0x000f0000-0x000fffff]
[    0.000000] e820: [mem 0x40000000xfebffff]avilable for PCI devices
[   .000000] Booting paravirtualized kernel on KVM
[    0.000000] clocksource: refined-jiffies: mask: 0xffffffff max_cycles: 0xffffffff, max_idle_ns: 7645519600211568 ns
[    0.000000] random: get_random_bytes called from start_kernel+0x99/0x4fd with crng_init=0
[    0.000000] setup_percpu: NR_CPUS:8192 nr_cpumask_bts2 r_cpu_ds2 r_node_ids:
[   0.0000] ercpu: Embedded 46 pages/cpu s151552 r8192 d28672 u1048576
[    0.000000] PV qspinlock hash table entries: 256 (order: 0, 4096 bytes)
[    0.000000] Built 1 zonelists, mobility grouping on.  Total pages: 257913
[    0.000000] Policy zone: DMA32
[    0.000000] Kernel command line: BOOT_IMAGE=/boot/vmlinuz-4.15.0-60-generic root=UUID=c96d8c50-ee80-4ac7-84c9-80244f1234dc ro console=tty1 console=ttyS0
[    0.000000] Memory: 982912K/10412K avaibl (12300K kernel code, 2481K rwdata, 4172K rodata, 2436K init, 2384K bss, 6528K reservd,0Kcma-reserved)[    0.0000] LUB: HWalign=64, Order=0-3, MinObjects=0, CPUs=2, Nodes=1
[    0.000000] Kernel/User page tables isolation: enabled
[   0.00000] ftrace: allocating 39306 entries in 154 pages
[    0.004000] Hierarchical RCU implementation.
[    0.004000] 	RCU restricting CPUs from NR_CPUS=8192 to nr_cpu_ids=2.
[    0.004000] 	Tasks RCU enabled.
[    0.004000] RCU: Adjusting geometry for rcu_fanout_leaf=16, nr_cpu_ids=2
[    0.004000] NR_IRQS: 524544, nr_irqs: 440, preallocated irqs: 16
[    0.004000] Console: colour VGA+ 80x25
[    0.004000] console [tty1] enabled
[    0.004000] console [ttyS0] enabled
[    0.0400] ACP Cre revision 01081
[    0.004000] ACPI: 2 ACPI AML tables successfully acquired and loaded
[    0.004000] APIC: Switch to symmetric I/O mode setup
[    0.004000] x2apic enabled
[    0.004007] Switched APIC routing to physical x2apic.
[    0.006878] ..TIMER: vector=0x30 apic1=0 pin1=2 apic2=-1 pin2=-1
[    0.008007] tsc: Detected 1608.000 MHz processor
[    0.012014] Calibrating delay loop (skipped) preset value.. 3216.00 BogoMIPS (lpj=6432000)
[    0.014674] pid_max: default: 32768 minimum: 301
[    0.016046] Security Framework initialized
[    0.017459] Yama: becoming mindful.
[    0.018818] AppArmor: AppArmor initialized
[    0.022155] Dentry cache hash table entries: 131072 (order: 8, 1048576 bytes)
[    0.024093] Inode-cache hash table entries: 65536 (order: 7, 524288 bytes)
[    0.028032] Mount-cache hash table entries: 2048 (order: 2, 16384 bytes)
[    0.032011] Mountpoint-cache hash table entries: 2048 (order: 2, 16384 bytes)
[    0.040336] Last level iTLB entries: 4KB 64, 2MB 8, 4MB 8
[    0.044004] Last level dTLB entries: 4KB 64, 2MB 0, 4MB 0, 1GB 4
[    0.048004] Spectre V1 : Mitigation: usercopy/swapgs barriers and __user pointer sanitization
[    0.052045] Spectre V2 : Mitigation: Full generic retpoline
[    0.056003] Spectre V2 : Spectre v2 / SpectreRSB mitigation: Filling RSB on context switch
[    0.060069] Speculative Store Bypass: Vulnerable
[    0.062509] MDS: Vulnerable: Clear CPU buffers attempted, no microcode
[    0.064151] Freeing SMP alternatives memory: 36K
[    0.072000] smpboot: CPU0: Intel(R) Core(TM) i5-8210Y CPU @ 1.60GHz (family: 0x6, model: 0x8e, stepping: 0x9)
[    0.072098] Performance Events: unsupported p6 CPU model 142 no PMU driver, software events only.
[    0.076041] Hierarchical SRCU implementation.
[    0.078094] NMI watchdog: Perf event create on CPU 0 failed with -2
[    0.080002] NMI watchdog: Perf NMI watchdog permanently disabled
[    0.084051] smp: Bringing up secondary CPUs ...
[    0.088091] x86: Booting SMP configuration:
[    0.092003] .... node  #0, CPUs:      #1
[    0.004000] kvm-clock: cpu 1, msr 0:3ff44041, secondary cpu clock
[    0.100037] smp: Brought up 1 node, 2 CPUs
[    0.104005] smpboot: Max logical packages: 1
[    0.108004] smpboot: Total of 2 processors activated (6432.00 BogoMIPS)
[    0.112163] devtmpfs: initialized
[    0.116055] x86/mm: Memory block size: 128MB
[    0.120145] evm: security.selinux
[    0.124002] evm: security.SMACK64
[    0.128003] evm: security.SMACK64EXEC
[    0.132004] evm: security.SMACK64TRANSMUTE
[    0.136003] evm: security.SMACK64MMAP
[    0.140002] evm: security.apparmor
[    0.141320] evm: security.ima
[    0.142331] evm: security.capability
[    0.144097] clocksource: jiffies: mask: 0xffffffff max_cycles: 0xffffffff, max_idle_ns: 7645041785100000 ns
[    0.148016] futex hash table entries: 512 (order: 3, 32768 bytes)
[    0.153898] pinctrl core: initialized pinctrl subsystem
[    0.156132] RTC time: 10:05:22, date: 09/12/19
[    0.160231] NET: Registered protocol family 16
[    0.164094] audit: initializing netlink subsys (disabled)
[    0.165903] audit: type=2000 audit(1568282723.916:1): state=initialized audit_enabled=0 res=1
[    0.264011] cpuidle: using governor ladder
[    0.268010] cpuidle: using governor menu
[    0.272056] ACPI: bus type PCI registered
[    0.276003] acpiphp: ACPI Hot Plug PCI Controller Driver version: 0.5
[    0.277832] PCI: Using configuration type 1 for base access
[    0.280852] HugeTLB registered 2.00 MiB page size, pre-allocated 0 pages
[    0.284116] ACPI: Added _OSI(Module Device)
[    0.288004] ACPI: Added _OSI(Processor Device)
[    0.292003] ACPI: Added _OSI(3.0 _SCP Extensions)
[    0.296003] ACPI: Added _OSI(Processor Aggregator Device)
[    0.300003] ACPI: Added _OSI(Linux-Dell-Video)
[    0.304004] ACPI: Added _OSI(Linux-Lenovo-NV-HDMI-Audio)
[    0.308004] ACPI: Added _OSI(Linux-HPI-Hybrid-Graphics)
[    0.312472] ACPI: Executed 1 blocks of module-level executable AML code
[    0.322204] ACPI: Interpreter enabled
[    0.324016] ACPI: (supports S0 S5)
[    0.328005] ACPI: Using IOAPIC for interrupt routing
[    0.332227] PCI: Using host bridge windows from ACPI; if necessary, use "pci=nocrs" and report a bug
[    0.336246] ACPI: Enabled 2 GPEs in block 00 to 07
[    0.349620] ACPI: PCI Root Bridge [PCI0] (domain 0000 [bus 00-ff])
[    0.352024] acpi PNP0A03:00: _OSC: OS supports [ASPM ClockPM Segments MSI]
[    0.354557] acpi PNP0A03:00: _OSC: not requesting OS control; OS requires [ExtendedConfig ASPM ClockPM MSI]
[    0.356029] acpi PNP0A03:00: fail to add MMCONFIG information, can't access extended PCI configuration space under this bridge.
[    0.364316] PCI host bridge to bus 0000:00
[    0.365374] pci_bus 0000:00: root bus resource [io  0x0000-0x0cf7 window]
[    0.367224] pci_bus 0000:00: root bus resource [io  0x0d00-0xffff window]
[    0.368005] pci_bus 0000:00: root bus resource [mem 0x000a0000-0x000bffff window]
[    0.370014] pci_bus 0000:00: root bus resource [mem 0x40000000-0xfdffffff window]
[    0.372011] pci_bus 0000:00: root bus resource [bus 00-ff]
[    0.379335] pci 0000:00:01.1: legacy IDE quirk: reg 0x10: [io  0x01f0-0x01f7]
[    0.380008] pci 0000:00:01.1: legacy IDE quirk: reg 0x14: [io  0x03f6]
[    0.383453] pci 0000:00:01.1: legacy IDE quirk: reg 0x18: [io  0x0170-0x0177]
[    0.384005] pci 0000:00:01.1: legacy IDE quirk: reg 0x1c: [io  0x0376]
[    0.422437] pci 0000:00:07.0: quirk: [io  0x4000-0x403f] claimed by PIIX4 ACPI
[    0.424078] pci 0000:00:07.0: quirk: [io  0x4100-0x410f] claimed by PIIX4 SMB
[    0.443881] ACPI: PCI Interrupt Link [LNKA] (IRQs 5 9 10 *11)
[    0.444304] ACPI: PCI Interrupt Link [LNKB] (IRQs 5 9 *10 11)
[    0.448123] ACPI: PCI Interrupt Link [LNKC] (IRQs 5 *9 10 11)
[    0.456114] ACPI: PCI Interrupt Link [LNKD] (IRQs 5 9 10 *11)
[    0.460413] SCSI subsystem initialized
[    0.464041] pci 0000:00:02.0: vgaarb: setting as boot VGA device
[    0.468000] pci 0000:00:02.0: vgaarb: VGA device added: decodes=io+mem,owns=io+mem,locks=none
[    0.468009] pci 0000:00:02.0: vgaarb: bridge control possible
[    0.472003] vgaarb: loaded
[    0.476055] ACPI: bus type USB registered
[    0.480052] usbcore: registered new interface driver usbfs
[    0.484025] usbcore: registered new interface driver hub
[    0.486006] usbcore: registered new device driver usb
[    0.488075] EDAC MC: Ver: 3.0.0
[    0.492395] PCI: Using ACPI for IRQ routing
[    0.496429] NetLabel: Initializing
[    0.500003] NetLabel:  domain hash size = 128
[    0.504002] NetLabel:  protocols = UNLABELED CIPSOv4 CALIPSO
[    0.508025] NetLabel:  unlabeled traffic allowed by default
[    0.512102] clocksource: Switched to clocksource kvm-clock
[    0.560097] VFS: Disk quotas dquot_6.6.0
[    0.568368] VFS: Dquot-cache hash table entries: 512 (order 0, 4096 bytes)
[    0.570647] AppArmor: AppArmor Filesystem Enabled
[    0.572213] pnp: PnP ACPI init
[  0.5483] pn: nPACI:fond3 evce
[   .8278]clocksource: acpi_pm: mask: 0xffffff max_cycles: 0xffffff, max_idle_ns: 2085701024 ns
[    1.005216] NET: Registered protocol family 2

[    1.009094] TCP established hash table entries: 8192 (order: 4, 65536 bytes)
[   1.018643] TCP bind hash table ntries: 8192 (order: 5, 131072 bytes)
[    1.121420] TCP: Hash tables configured (established 8192 bind 8192)
[    1.123599] UDP hash table entries: 512 (order: 2, 16384 bytes)
[    1.125664] UDP-Lite hash table entries: 512 (order: 2, 16384 bytes)
[    1.127994] NET: Registered protocol family 1
[    1.129552] pci 0000:00:00.0: Limiting direct PCI/PCI transfers
[    1.131577] pci 0000:00:01.0: Activating ISA DMA hang workarounds
[    1.133729] pci 0000:00:02.0: Video device withhaowd OMt emx00c0000-0x000dffff]
[    1.439074] Unpacking initramfs...

[    1.707226] Freeing initrd memory: 19672K
[    1.754208] clocksource: tsc: mask: 0xffffffffffffffff max_cycles: 0x172daa3a18b, max_idle_ns: 440795212390 ns
[    1.877049] platform rtc_cmos: registered platform RTC device (no PNP device found)
[    1.940991] Scanning for low memory corruption every 60 seconds
[    1.943579] Initialise system trusted keyrings
[    1.957178] Key type blacklist registered
[    1.978415] workingset: timestamp_bits=36 max_order=18 bucket_order=0
[    2.033647] zbud: loaded
[    2.054199] squashfs: version 4.0 (2009/01/31) Phillip Lougher
[    2.072950] fuse init (API version 7.26)
[    2.084578] Key type asymmetric registered
[    2.085632] Asymmetric key parser 'x509' registered
[    2.086866] Block layer SCSI generic (bsg) driver version 0.4 loaded (major 246)
[    2.088855] io scheduler noop registered
[    2.123050] io scheduler deadline registered
[    2.138163] io scheduler cfq registered (default)
[    2.151514] ACPI: AC Adapter [AC] (on-line)
[    2.197413] input: Power Button as /devices/LNXSYSTM:00/LNXPWRBN:00/input/input0
[    2.211567] ACPI: Power Button [PWRF]
[    2.227250] input: Sleep Button as /devices/LNXSYSTM:00/LNXSLPBN:00/input/input1
[    2.235627] ACPI: Sleep Button [SLPF]
[    2.238837] ACPI: Battery Slot [BAT0] (battery present)
[    2.240834] Serial: 8250/16550 driver, 32 ports, IRQ sharing enabled
[    2.268276] 00:02: ttyS0 at I/O 0x3f8 (irq = 4, base_baud = 115200) is a 16550A
[    2.281144] Linux agpgart interface v0.103
[    2.293450] loop: module loaded
[    2.297079] scsi host0: ata_piix
[    2.303799] scsi host1: ata_piix
[    2.306095] ata1: PATA max UDMA/33 cmd 0x1f0 ctl 0x3f6 bmdma 0xd000 irq 14
[    2.309847] ata2: PATA max UDMA/33 cmd 0x170 ctl 0x376 bmdma 0xd008 irq 15
[    2.325894] libphy: Fixed MDIO Bus: probed
[    2.339272] tun: Universal TUN/TAP device driver, 1.6
[    2.347561] PPP generic driver version 2.4.2
[    2.387542] ehci_hcd: USB 2.0 'Enhanced' Host Controller (EHCI) Driver
[    2.406574] ehci-pci: EHCI PCI platform driver
[    2.408146] ehci-platform: EHCI generic platform driver
[    2.428392] ohci_hcd: USB 1.1 'Open' Host Controller (OHCI) Driver
[    2.455345] ohci-pci: OHCI PCI platform driver
[    2.456858] ohci-platform: OHCI generic platform driver
[    2.458561] uhci_hcd: USB Universal Host Controller Interface driver
[    2.485430] i8042: PNP: PS/2 Controller [PNP0303:PS2K,PNP0f03:PS2M] at 0x60,0x64 irq 1,12
[    2.549263] serio: i8042 KBD port at 0x60,0x64 irq 1
[    2.614443] serio: i8042 AUX port at 0x60,0x64 irq 12
[    2.616451] mousedev: PS/2 mouse device common for all mice
[    2.624730] rtc_cmos rtc_cmos: rtc core: registered rtc_cmos as rtc0
[    2.632474] rtc_cmos rtc_cmos: alarms up to one day, 114 bytes nvram
[    2.659560] input: AT Translated Set 2 keyboard as /devices/platform/i8042/serio0/input/input2
[    2.664175] i2c /dev entries driver
[    2.747092] device-mapper: uevent: version 1.0.3
[    2.836513] device-mapper: ioctl: 4.37.0-ioctl (2017-09-20) initialised: dm-devel@redhat.com
[    2.840215] ledtrig-cpu: registered to indicate activity on CPUs
[    2.894191] NET: Registered protocol family 10
[    2.957533] Segment Routing with IPv6
[    3.009112] NET: Registered protocol family 17
[    3.099265] Key type dns_resolver registered
[    3.151080] mce: Using 0 MCE banks
[    3.186316] RAS: Correctable Errors collector initialized.
[    3.228466] sched_clock: Marking stable (3228445197, 0)->(7919093358, -4690648161)
[    3.259923] registered taskstats version 1
[    3.336326] Loading compiled-in X.509 certificates
[    3.352928] Loaded X.509 cert 'Build time autogenerated kernel key: 9d88e3c0462fa0d2df2917e8bbfdfdd1c55d8ddc'
[    3.355733] zswap: loaded using pool lzo/zbud
[    3.363046] Key type big_key registered
[    3.364189] Key type trusted registered
[    3.367704] Key type encrypted registered
[    3.369149] AppArmor: AppArmor sha1 policy hashing enabled
[    3.370569] ima: No TPM chip found, activating TPM-bypass! (rc=-19)
[    3.372189] ima: Allocated hash algorithm: sha1
[    3.374023] evm: HMAC attrs: 0x1
[    3.376282]   Magic number: 3:492:72
[    3.377636] rtc_cmos rtc_cmos: setting system clock to 2019-09-12 10:05:26 UTC (1568282726)
[    3.380527] BIOS EDD facility v0.16 2004-Jun-25, 0 devices found
[    3.383581] EDD information not available.
[    3.393063] Freeing unused kernel image memory: 2436K
[    3.416251] Write protecting the kernel read-only data: 20480k
[    3.428790] Freeing unused kernel image memory: 2008K
[    3.432898] Freeing unused kernel image memory: 1972K
[    3.446584] x86/mm: Checked W+X mappings: passed, no W+X pages found.
[    3.452702] x86/mm: Checking user space page tables
[    3.487955] x86/mm: Checked W+X mappings: passed, no W+X pages found.
Loading, please wait...
starting version 237
[    3.625258] Fusion MPT base driver 3.04.20
[    3.626517] Copyright (c) 1999-2008 LSI Corporation
[    3.630719] e1000: Intel(R) PRO/1000 Network Driver - version 7.3.21-k8-NAPI
[    3.633149] e1000: Copyright (c) 1999-2006 Intel Corporation.
[    3.642688] Fusion MPT SPI Host driver 3.04.20
[    3.652197] mptbase: ioc0: Initiating bringup
[    3.659323] AVX2 version of gcm_enc/dec engaged.
[    3.660945] AES CTR mode by8 optimization enabled
[    3.756902] ioc0: LSI53C1030 A0: Capabilities={Initiator}
[    4.102687] input: ImExPS/2 Generic Explorer Mouse as /devices/platform/i8042/serio1/input/input4
[    4.353561] scsi host2: ioc0: LSI53C1030 A0, FwRev=00000000h, Ports=1, MaxQ=256, IRQ=20
[    4.524837] scsi 2:0:0:0: Direct-Access     VBOX     HARDDISK         1.0  PQ: 0 ANSI: 5
[    4.552147] scsi target2:0:0: Beginning Domain Validation
[    4.559159] scsi target2:0:0: Domain Validation skipping write tests
[    4.567999] scsi target2:0:0: Ending Domain Validation
[    4.576621] scsi target2:0:0: asynchronous
[    4.578666] scsi 2:0:1:0: Direct-Access     VBOX     HARDDISK         1.0  PQ: 0 ANSI: 5
[    4.896437] scsi target2:0:1: Beginning Domain Validation
[    4.929599] random: fast init done
[    5.110733] scsi target2:0:1: Domain Validation skipping write tests
[    5.112533] scsi target2:0:1: Ending Domain Validation
[    5.113971] scsi target2:0:1: asynchronous
[    5.119579] random: systemd-udevd: uninitialized urandom read (16 bytes read)
[    5.149435] e1000 0000:00:03.0 eth0: (PCI:33MHz:32-bit) 02:f6:70:42:12:5d
[    5.373006] random: systemd-udevd: uninitialized urandom read (16 bytes read)
[    5.374299] e1000 0000:00:03.0 eth0: Intel(R) PRO/1000 Network Connection
[    5.376577] random: systemd-udevd: uninitialized urandom read (16 bytes read)
[    5.384803] sd 2:0:0:0: Attached scsi generic sg0 type 0
[    5.409876] sd 2:0:1:0: Attached scsi generic sg1 type 0
[    5.411764] sd 2:0:0:0: [sda] 20971520 512-byte logical blocks: (10.7 GB/10.0 GiB)
[    5.420676] sd 2:0:1:0: [sdb] 20480 512-byte logical blocks: (10.5 MB/10.0 MiB)
[    5.427850] sd 2:0:1:0: [sdb] Write Protect is off
[    5.429538] sd 2:0:0:0: [sda] Write Protect is off
[    5.431293] sd 2:0:1:0: [sdb] Incomplete mode parameter data
[    5.433249] sd 2:0:1:0: [sdb] Assuming drive cache: write through
[    5.435350] sd 2:0:0:0: [sda] Incomplete mode parameter data
[    5.437267] sd 2:0:0:0: [sda] Assuming drive cache: write through
[    5.441573]  sda: sda1
[    5.443193] sd 2:0:0:0: [sda] Attached SCSI disk
[    5.445884] sd 2:0:1:0: [sdb] Attached SCSI disk
[    5.842101] e1000 0000:00:08.0 eth1: (PCI:33MHz:32-bit) 08:00:27:8e:6a:71
[    6.006335] e1000 0000:00:08.0 eth1: Intel(R) PRO/1000 Network Connection
[    6.049265] e1000 0000:00:08.0 enp0s8: renamed from eth1
[    6.068613] e1000 0000:00:03.0 enp0s3: renamed from eth0
Begin: Loading essential drivers ... [    7.468266] raid6: sse2x1   gen() 12019 MB/s
[    7.540255] raid6: sse2x1   xor()  8714 MB/s
[    7.636218] raid6: sse2x2   gen() 14718 MB/s
[    7.720337] raid6: sse2x2   xor() 10011 MB/s
[    7.784245] raid6: sse2x4   gen() 17303 MB/s
[    7.836403] raid6: sse2x4   xor() 10182 MB/s
[    7.884113] raid6: avx2x1   gen() 11633 MB/s
[    7.940284] raid6: avx2x1   xor() 11223 MB/s
[    7.992765] raid6: avx2x2   gen() 25262 MB/s
[    8.060565] raid6: avx2x2   xor() 15400 MB/s
[    8.140234] raid6: avx2x4   gen() 33282 MB/s
[    8.192564] raid6: avx2x4   xor() 20740 MB/s
[    8.226429] raid6: using algorithm avx2x4 gen() 33282 MB/s
[    8.239339] raid6: .... xor() 20740 MB/s, rmw enabled
[    8.270421] raid6: using avx2x2 recovery algorithm
[    8.329217] xor: automatically using best checksumming function   avx       
[    8.338164] async_tx: api initialized (async)
done.
Begin: Running /scripts/init-premount ... done.
Begin: Mounting root file syste[    8.393817] Btrfs loaded, crc32c=crc32c-intel
m ... Begin: Running /scripts/local-top ... done.
Begin: Running /scripts/local-premount ... Scanning for Btrfs filesystems
done.
Warning: fsck not present, so skipping root file system
[    8.435335] EXT4-fs (sda1): mounted filesystem with ordered data mode. Opts: (null)
done.
Begin: Running /scripts/local-bottom ... done.
Begin: Running /scripts/init-bottom ... done.
[    8.671356] ip_tables: (C) 2000-2006 Netfilter Core Team
[    8.686560] systemd[1]: systemd 237 running in system mode. (+PAM +AUDIT +SELINUX +IMA +APPARMOR +SMACK +SYSVINIT +UTMP +LIBCRYPTSETUP +GCRYPT +GNUTLS +ACL +XZ +LZ4 +SECCOMP +BLKID +ELFUTILS +KMOD -IDN2 +IDN -PCRE2 default-hierarchy=hybrid)
[    8.889868] systemd[1]: Detected virtualization oracle.
[    8.891315] systemd[1]: Detected architecture x86-64.

Welcome to [1mUbuntu 18.04.3 LTS[0m!

[    8.934038] systemd[1]: Set hostname to <ubuntu-bionic>.
[    9.304449] systemd[1]: Set up automount Arbitrary Executable File Formats File System Automount Point.
[[0;32m  OK  [0m] Set up automount Arbitrary Executabâ€¦rmats File System Automount Point.
[    9.356698] systemd[1]: Started Forward Password Requests to Wall Directory Watch.
[[0;32m  OK  [0m] Started Forward Password Requests to Wall Directory Watch.
[    9.471359] systemd[1]: Reached target System Time Synchronized.
[[0;32m  OK  [0m] Reached target System Time Synchronized.
[    9.477841] systemd[1]: Created slice User and Session Slice.
[[0;32m  OK  [0m] Created slice User and Session Slice.
[    9.588671] systemd[1]: Reached target Swap.
[[0;32m  OK  [0m] Reached target Swap.
[    9.693717] systemd[1]: Created slice System Slice.
[[0;32m  OK  [0m] Created slice System Slice.
[[0;32m  OK  [0m] Listening on Journal Socket.
         Starting Remount Root and Kernel File Systems...
[[0;32m  OK  [0m] Listening on [    9.898891] EXT4-fs (sda1): re-mounted. Opts: (null)
Syslog Socket.
[[0;32m  OK  [0m] Listening on /dev/initctl Compatibility Named Pipe.
         Starting Uncomplicated firewall...
[[0;32m  OK  [0m] Listening on Network Service Netlink Socket.
[[0;32m  OK  [0m] Listening on udev Control Socket.
         Starting Load Kernel Modules...
         Mounting Kernel Debug File System...
[[0;32m  OK  [0m] Listening on Journal Audit Socket.
[[0;32m  OK  [0m] Listening on RPCbind Server Activation Socket.
[   10.091835] Loading iSCSI transport class v2.0-870.
         Starting Set the console keyboard layout...
[[0;32m  OK  [0m] Listening on LVM2 poll daemon socket.
[[0;32m  OK  [0m] Created slice system-serial\x2dgetty.slice.
[[0;32m  OK  [0m] Listening on Device-mapper event daemon FIFOs.
[[0;32m  OK  [0m] Listening on LVM2 metadata daemon socket.
         Starting Monitoring of LVM2 mirrorsâ€¦ng dmeventd or progress po[   10.146682] iscsi: registered transport (tcp)
lling...
         Mounting RPC Pipe File System...
         Mounting Huge Pages File System...
[[0;32m  OK  [[   10.214645] RPC: Registered named UNIX socket transport module.
0m] Reached target User and Group Name Lookups.
[   10.230820] RPC: Registered udp transport module.
[   10.232444] RPC: Registered tcp transport module.
[   10.232445] RPC: Registered tcp NFSv4.1 backchannel transport module.
[[0;32m  OK  [0m] Listening on udev Kernel Socket.
         Starting udev Coldplug all Devices...
         Starting Create list of required stâ€¦ce nodes for the current kernel...
[[0;32m  OK  [0m] Listening on Journal Socket (/dev/log).
         Starting Journal Service...
         Mounting POSIX Message Queue File System...
[[0;32m  OK  [0m] Reached target Slices.
[[0;32m  OK  [0m] Started Remount Root and Kernel File Systems.
[[0;32m  OK  [0m] Started Uncomplicated firewall.
[[0;32m  OK  [0m] Mounted Kernel Debug File System.
[[0;32m  OK  [0m] Mounted RPC Pipe File System.
[[0;32m  OK  [0m] Mounted Huge Pag[   10.306157] iscsi: registered transport (iser)
es File System.
[[0;32m  OK  [0m] Started Load Kernel Modules.
[[0;32m  OK  [0m] Started Journal Service.
[[0;32m  OK  [0m] Started Set the console keyboard layout.
[[0;32m  OK  [0m] Started Create list of required staâ€¦vice nodes for the current kernel.
[[0;32m  OK  [0m] Mounted POSIX Message Queue File System.
[[0;32m  OK  [0m] Started LVM2 metadata daemon.
         Starting Create Static Device Nodes in /dev...
         Mounting Kernel Configuration File System...
         Starting Apply Kernel Variables...
         Mounting FUSE Control File System...
         Starting Flush Journal to Persistent Storage...
         Starting Load/Save Random Seed...
[[0;32m  OK  [0m] Started Monitoring of LVM2 mirrors,â€¦sing dmeventd or progress polling.
[[0;32m  OK  [0m] Started udev Coldplug all Devices.
[[0;32m  OK  [0m] Mounted Kernel Configuration File System.
[[0;32m  OK  [0m] Mounted FUSE Control File System.
[[0;32m  OK  [0m] Started Create Static Device Nodes in /dev.
[[0;32m  OK  [0m] Started Apply Kernel Variables.
[[0;32m  OK  [0m] Started Load/Save Random Seed.
         Starting udev Kernel Device Manager...
[[0;32m  OK  [0m] Reached target Local File Systems (Pre).
[[0;32m  OK  [0m] Reached target Local File Systems.
         Starting Tell Plymouth To Write Out Runtime Data...
         Starting ebtables ruleset management...
         Starting Set console font and keymap...
         Starting Preprocess NFS configuration...
         Starting AppArmor initialization...
[[0;32m  OK  [0m] Started udev Kernel Device Manager.
[[0;32m  OK  [0m] Started Dispatch Password Requests to Console Directory Watch.
[[0;32m  OK  [0m] Reached target Local Encrypted Volumes.
[[0;32m  OK  [0m] Started Tell Plymouth To Write Out Runtime Data.
[[0;32m  OK  [0m] Started Set console font and keymap.
[[0;32m  OK  [0m] Started Preprocess NFS configuration.
[[0;32m  OK  [0m] Reached target NFS client services.
[[0;32m  OK  [0m] Found device /dev/ttyS0.
[[0;32m  OK  [0m] Started Flush Journal to Persistent Storage.
[[0;32m  OK  [0m] Started ebtables ruleset management.
         Starting Create Volatile Files and Directories...
[[0;32m  OK  [0m] Listening on Load/Save RF Kill Switch Status /dev/rfkill Watch.
[[0;32m  OK  [0m] Started Create Volatile Files and Directories.
         Starting Update UTMP about System Boot/Shutdown...
         Starting RPC bind portmap service...
[[0;32m  OK  [0m] Started Update UTMP about System Boot/Shutdown.
[[0;32m  OK  [0m] Started RPC bind portmap service.
[[0;32m  OK  [0m] Reached target RPC Port Mapper.
[[0;32m  OK  [0m] Started AppArmor initialization.
         Starting Initial cloud-init job (pre-networking)...
[   12.730018] cloud-init[607]: Cloud-init v. 19.1-1-gbaa47854-0ubuntu1~18.04.1 running 'init-local' at Thu, 12 Sep 2019 10:05:35 +0000. Up 12.49 seconds.
[[0;32m  OK  [0m] Started Initial cloud-init job (pre-networking).
[[0;32m  OK  [0m] Reached target Network (Pre).
         Starting Network Service...
[[0;32m  OK  [0m] Started Network Service.
         Starting Wait for Network to be Configured...
         Starting Network Name Resolution...
[[0;32m  OK  [0m] Started Network Name Resolution.
[[0;32m  OK  [0m] Reached target Network.
[[0;32m  OK  [0m] Reached target Host and Network Name Lookups.
[[0;32m  OK  [0m] Started Wait for Network to be Configured.
         Starting Initial cloud-init job (metadata service crawler)...
[   15.530583] cloud-init[719]: Cloud-init v. 19.1-1-gbaa47854-0ubuntu1~18.04.1 running 'init' at Thu, 12 Sep 2019 10:05:38 +0000. Up 15.30 seconds.
[   15.556810] cloud-init[719]: ci-info: ++++++++++++++++++++++++++++++++++++++Net device info+++++++++++++++++++++++++++++++++++++++
[   15.568476] cloud-init[719]: ci-info: +--------+------+-----------------------------+---------------+--------+-------------------+
[   15.581356] cloud-init[719]: ci-info: | Device |  Up  |           Address           |      Mask     | Scope  |     Hw-Address    |
[   15.595427] cloud-init[719]: ci-info: +--------+------+-----------------------------+---------------+--------+-------------------+
[   15.604154] cloud-init[719]: ci-info: | enp0s3 | True |          10.0.2.15          | 255.255.255.0 | global | 02:f6:70:42:12:5d |
[   15.624730] cloud-init[719]: ci-info: | enp0s3 | True |  fe80::f6:70ff:fe42:125d/64 |       .       |  link  | 02:f6:70:42:12:5d |
[   15.645730] cloud-init[719]: ci-info: | enp0s8 | True |        192.168.33.10        | 255.255.255.0 | global | 08:00:27:8e:6a:71 |
[   15.650308] cloud-init[719]: ci-info: | enp0s8 | True | fe80::a00:27ff:fe8e:6a71/64 |       .       |  link  | 08:00:27:8e:6a:71 |
[   15.656551] cloud-init[719]: ci-info: |   lo   | True |          127.0.0.1          |   255.0.0.0   |  host  |         .         |
[   15.660364] cloud-init[719]: ci-info: |   lo   | True |           ::1/128           |       .       |  host  |         .         |
[   15.663897] cloud-init[719]: ci-info: +--------+------+-----------------------------+---------------+--------+-------------------+
[   15.667415] cloud-init[719]: ci-info: +++++++++++++++++++++++++++++Route IPv4 info+++++++++++++++++++++++++++++
[   15.670505] cloud-init[719]: ci-info: +-------+--------------+----------+-----------------+-----------+-------+
[   15.679635] cloud-init[719]: ci-info: | Route | Destination  | Gateway  |     Genmask     | Interface | Flags |
[   15.685150] cloud-init[719]: ci-info: +-------+--------------+----------+-----------------+-----------+-------+
[   15.697547] cloud-init[719]: ci-info: |   0   |   0.0.0.0    | 10.0.2.2 |     0.0.0.0     |   enp0s3  |   UG  |
[   15.704294] cloud-init[719]: ci-info: |   1   |   10.0.2.0   | 0.0.0.0  |  255.255.255.0  |   enp0s3  |   U   |
[   15.722202] cloud-init[719]: ci-info: |   2   |   10.0.2.2   | 0.0.0.0  | 255.255.255.255 |   enp0s3  |   UH  |
[   15.740462] cloud-init[719]: ci-info: |   3   | 192.168.33.0 | 0.0.0.0  |  255.255.255.0  |   enp0s8  |   U   |
[   15.828427] cloud-init[719]: ci-info: +-------+--------------+----------+-----------------+-----------+-------+
[   15.872692] cloud-init[719]: ci-info: +++++++++++++++++++Route IPv6 info+++++++++++++++++++
[   15.897009] cloud-init[719]: ci-info: +-------+-------------+---------+-----------+-------+
[   15.944375] cloud-init[719]: ci-info: | Route | Destination | Gateway | Interface | Flags |
[   15.984611] cloud-init[719]: ci-info: +-------+-------------+---------+-----------+-------+
[   15.994045] cloud-init[719]: ci-info: |   1   |  fe80::/64  |    ::   |   enp0s8  |   U   |
[   16.004956] cloud-init[719]: ci-info: |   2   |  fe80::/64  |    ::   |   enp0s3  |   U   |
[   16.016667] cloud-init[719]: ci-info: |   4   |    local    |    ::   |   enp0s3  |   U   |
[   16.023020] cloud-init[719]: ci-info: |   5   |    local    |    ::   |   enp0s8  |   U   |
[[0;32m  OK  [0m] Started Initial cloud-init job (metadata service crawler).
[   16.046247] [[0;32m  OK  [0m] Reached target Cloud-config availability.
[[0;32m  OK  [0m] Reached target System Initialization.
         Starting Socket activation for snappy daemon.
[[0;32m  OK  [0m] Started ACPI Events Check.
[[0;32m  OK  [0m] Listening on ACPID Listen Socket.
[[0;32m  OK  [0m] Started Daily apt download activities.
[[0;32m  OK  [0m] Started Daily apt upgrade and clean activities.
[[0;32m  OK  [0m] Listening on UUID daemon activation socket.
[[0;32m  OK  [0m] Started Discard unused blocks once a week.
[[0;32m  OK  [0m] Started Daily Cleanup of Temporary Directories.
         Starting LXD - unix socket.
[[0;32m  OK  [0m] Reached target Paths.
[[0;32m  OK  [0m] Started Message of the Day.
[[0;32m  OK  [0m] Reached target Timers.
cloud-init[719]: ci-info: |   6   |   ff00::/8  |    ::   |   enp0s8  |   U   |
[[0;32m  OK  [0m] Listening on D-Bus System Message Bus Socket.
[[0;32m  OK  [0m] Listening on Open-iSCSI iscsid Socket.
[   16.061643] cloud-init[[0;32m  OK  [0m] Reached target Network is Online.
[[0;32m  OK  [0m] Reached target Remote File Systems (Pre).
[719]: ci-info: |   7   |   ff00::/8  |    ::   |   enp0s3  |   U   |
[[0;32m  OK  [0m] Reached target Remote File Systems.
         Starting Availability of block devices...
[[0;32m  OK  [0m] Listening on Socket activation for snappy daemon.
[   16.196283] [[0;32m  OK  [0m] Listening on LXD - unix socket.
[[0;32m  OK  [0m] Started Availability of block devices.
[[0;32m  OK  [0m] Reached target Sockets.
cloud-init[719]: [[0;32m  OK  [0m] ci-info: +-------+-------------+---------+-----------+-------+Reached target Basic System.

         Starting Permit User Sessions...
         Starting Accounts Service...
         Starting vboxadd.service...
         Starting LXD - container startup/shutdown...
         Starting OpenBSD Secure Shell server...
         Starting System Logging Service...
         Starting LSB: Record successful boot for GRUB...
[[0;32m  OK  [0m] Started FUSE filesystem for LXC.
         Starting LSB: automatic crash report generation...
         Starting Login Service...
[[0;32m  OK  [0m] Started Regular background program processing daemon.
[[0;32m  OK  [0m] Started irqbalance daemon.
         Starting Dispatcher daemon for systemd-networkd...
[[0;32m  OK  [0m] Started D-Bus System Message Bus.
[[0;32m  OK  [0m] Started Login Service.
[[0;32m  OK  [0m] Started Unattended Upgrades Shutdown.
[[0;32m  OK  [0m] Started Deferred execution scheduler.
         Starting Snappy daemon...
[[0;32m  OK  [0m] Started System Logging Service.
[[0;32m  OK  [0m] Started Permit User Sessions.
[[0;32m  OK  [0m] Started LXD - container startup/shutdown.
         Starting Hold until boot process finishes up...
         Starting Terminate Plymouth Boot Screen...
[[0;32m  OK  [0m] Started Hold until boot process finishes up.
[[0;32m  OK  [0m] Started Serial Getty on ttyS0.
         Starting Set console scheme...
[[0;32m  OK  [0m] Started Terminate Plymouth Boot Screen.
[[0;32m  OK  [0m] Started OpenBSD Secure Shell server.
[[0;32m  OK  [0m] Started Set console scheme.
[[0;32m  OK  [0m] Created slice system-getty.slice.
[[0;32m  OK  [0m] Started Getty on tty1.
[[0;32m  OK  [0m] Reached target Login Prompts.
         Starting Authorization Manager...
[[0;32m  OK  [0m] Started LSB: automatic crash report generation.
[[0;32m  OK  [0m] Started LSB: Record successful boot for GRUB.
[[0;32m  OK  [0m] Created slice User Slice of vagrant.
[[0;32m  OK  [0m] Started Authorization Manager.
[[0;32m  OK  [0m] Started Accounts Service.
[[0;32m  OK  [0m] Started Session 1 of user vagrant.
         Starting User Manager for UID 1000...
[[0;32m  OK  [0m] Started Dispatcher daemon for systemd-networkd.
[[0;32m  OK  [0m] Started vboxadd.service.
         Starting vboxadd-service.service...
[[0;32m  OK  [0m] Started Snappy daemon.
         Starting Wait until snapd is fully seeded...
[[0;32m  OK  [0m] Started Wait until snapd is fully seeded.
         Starting Apply the settings specified in cloud-config...
[[0;32m  OK  [0m] Started vboxadd-service.service.
[[0;32m  OK  [0m] Reached target Multi-User System.
[[0;32m  OK  [0m] Reached target Graphical Interface.
         Starting Update UTMP about System Runlevel Changes...
[[0;32m  OK  [0m] Started User Manager for UID 1000.
[[0;32m  OK  [0m] Started Update UTMP about System Runlevel Changes.
[   18.094074] cloud-init[1104]: Cloud-init v. 19.1-1-gbaa47854-0ubuntu1~18.04.1 running 'modules:config' at Thu, 12 Sep 2019 10:05:41 +0000. Up 17.97 seconds.
[[0;32m  OK  [0m] Started Apply the settings specified in cloud-config.
         Starting Execute cloud user/final scripts...
[   18.791035] cloud-init[1191]: Cloud-init v. 19.1-1-gbaa47854-0ubuntu1~18.04.1 running 'modules:final' at Thu, 12 Sep 2019 10:05:41 +0000. Up 18.63 seconds.
[   18.807758] cloud-init[1191]: Cloud-init v. 19.1-1-gbaa47854-0ubuntu1~18.04.1 finished at Thu, 12 Sep 2019 10:05:41 +0000. Datasource DataSourceNoCloud [seed=/dev/sdb][dsmode=net].  Up 18.77 seconds
[[0;32m  OK  [0m] Started Execute cloud user/final scripts.
[[0;32m  OK  [0m] Reached target Cloud-init target.

Ubuntu 18.04.3 LTS ubuntu-bionic ttyS0

ubuntu-bionic login: [[0;32m  OK  [0m] Stopped target RPC Port Mapper.
[[0;32m  OK  [0m] Stopped target Cloud-init target.
         Stopping Authorization Manager...
         Unmounting RPC Pipe File System...
[[0;32m  OK  [0m] Stopped target Host and Network Name Lookups.
[[0;32m  OK  [0m] Stopped target Timers.
[[0;32m  OK  [0m] Stopped Daily Cleanup of Temporary Directories.
[[0;32m  OK  [0m] Stopped Daily apt upgrade and clean activities.
         Stopping Session 5 of user vagrant.
[[0;32m  OK  [0m] Stopped Execute cloud user/final scripts.
         Stopping User Manager for UID 1000...
[[0;32m  OK  [0m] Stopped Daily apt download activi         Stopping Serial Getty on ttyS0...
         Stopping Getty on tty1...
         Stopping LSB: automatic crash report generation...
         Stopping D-Bus System Message Bus...
         Stopping Unattended Upgrades Shutdown...
[[0;32m  OK  [0m] Stopped Wait until snapd is fully seeded.
         Stopping Dispatcher daemon for systemd-networkd...
         Stopping System Logging Service...
         Stopping Regular background program processing daemon...
         Stopping FUSE filesystem for LXC...
         Stopping Deferred execution scheduler...
         Stopping vboxadd-service.service...
         Stopping LSB: Record successful boot for GRUB...
         Stopping Accounts Service...
[[0;32m  OK  [0m] Unmounted /var/lib/lxcfs.
[[0;32m  OK  [0m] Stopped Accounts Service.
[[0;32m  OK  [0m] Stopped System Logging Service.
[[0;32m  OK  [0m] Stopped Regular background program processing daemon.
[[0;32m  OK  [0m] Stopped irqbalance daemon.
[[0;32m  OK  [0m] Stopped Dispatcher daemon for systemd-networkd.
[[0;32m  OK  [0m] Stopped Unattended Upgrades Shutdown.
[[0;32m  OK  [0m] Stopped Deferred execution scheduler.
[[0;32m  OK  [0m] Stopped OpenBSD Secure Shell server.
[[0;32m  OK  [0m] Stopped Serial Getty on ttyS0.
[[0;32m  OK  [0m] Stopped Getty on tty1.
[[0;32m  OK  [0m] Stopped Authorization Manager.
[[0;32m  OK  [0m] Stopped User Manager for UID 1000.
[[0;32m  OK  [0m] Unmounted RPC Pipe File System.
[[0;32m  OK  [0m] Stopped Availability of block devices.
[[0;32m  OK  [0m] Stopped D-Bus System Message Bus.
[[0;32m  OK  [0m] Stopped FUSE filesystem for LXC.
[[0;32m  OK  [0m] Stopped Session 5 of user vagrant.
[[0;32m  OK  [0m] Removed slice User Slice of vagrant.
[[0;32m  OK  [0m] Removed slice system-getty.slice.
[[0;32m  OK  [0m] Removed slice system-serial\x2dgetty.slice.
         Stopping Permit User Sessions...
         Stopping Login Service...
[[0;32m  OK  [0m] Stopped LSB: Record successful boot for GRUB.
[[0;32m  OK  [0m] Stopped Permit User Sessions.
[[0;32m  OK  [0m] Stopped target Network.
         Stopping Network Name Resolution...
[[0;32m  OK  [0m] Stopped LXD - container startup/shutdown.
[[0;32m  OK  [0m] Stopped LSB: automatic crash report generation.
[[0;32m  OK  [0m] Stopped target Remote File Systems.
[[0;32m  OK  [0m] Stopped target Remote File Systems (Pre).
[[0;32m  OK  [0m] Stopped target NFS client services.
[[0;32m  OK  [0m] Stopped Network Name Resolution.
[[0;32m  OK  [0m] Stopped Login Service.
[[0;32m  OK  [0m] Stopped target User and Group Name Lookups.
         Stopping Network Service...
[[0;32m  OK  [0m] Stopped Network Service.
[[0;32m  OK  [0m] Stopped target Network (Pre).
[[0;32m  OK  [0m] Stopped vboxadd-service.service.
         Stopping vboxadd.service...
[[0;32m  OK  [0m] Unmounted /vagrant.
[[0;32m  OK  [0m] Stopped vboxadd.service.
[[0;32m  OK  [0m] Stopped target Basic System.
[[0;32m  OK  [0m] Stopped target Sockets.
[[0;32m  OK  [0m] Closed Socket activation for snappy daemon.
[[0;32m  OK  [0m] Closed D-Bus System Message Bus Socket.
[[0;32m  OK  [0m] Closed Open-iSCSI iscsid Socket.
[[0;32m  OK  [0m] Closed ACPID Listen Socket.
[[0;32m  OK  [0m] Closed UUID daemon activation socket.
[[0;32m  OK  [0m] Closed Syslog Socket.
[[0;32m  OK  [0m] Closed LXD - unix socket.
[[0;32m  OK  [0m] Stopped target Slices.
[[0;32m  OK  [0m] Removed slice User and Session Slice.
[[0;32m  OK  [0m] Stopped target Paths.
[[0;32m  OK  [0m] Stopped ACPI Events Check.
[[0;32m  OK  [0m] Stopped target System Initialization.
         Stopping Load/Save Random Seed...
         Stopping Update UTMP about System Boot/Shutdown...
[[0;32m  OK  [0m] Stopped target Local Encrypted Volumes.
[[0;32m  OK  [0m] Stopped Forward Password Requests to Wall Directory Watch.
[[0;32m  OK  [0m] Stopped Initial cloud-init job (metadata service crawler).
[[0;32m  OK  [0m] Stopped Initial cloud-init job (pre-networking).
[[0;32m  OK  [0m] Stopped Apply Kernel Variables.
[[0;32m  OK  [0m] Stopped Load Kernel Modules.
[[0;32m  OK  [0m] Stopped Dispatch Password Requests to Console Directory Watch.
[[0;32m  OK  [0m] Stopped Load/Save Random Seed.
[[0;32m  OK  [0m] Stopped Update UTMP about System Boot/Shutdown.
[[0;32m  OK  [0m] Stopped Create Volatile Files and Directories.
[[0;32m  OK  [0m] Stopped target Local File Systems.
         Unmounting /run/user/1000...
[[0;32m  OK  [0m] Unmounted /run/user/1000.
[[0;32m  OK  [0m] Reached target Unmount All Filesystems.
[[0;32m  OK  [0m] Stopped target Swap.
[[0;32m  OK  [0m] Stopped target Local File Systems (Pre).
[[0;32m  OK  [0m] Stopped Remount Root and Kernel File Systems.
         Stopping Monitoring of LVM2 mirrorsâ€¦ng dmeventd or progress polling...
[[0;32m  OK  [0m] Stopped Create Static Device Nodes in /dev.
[[0;32m  OK  [0m] Reached target Shutdown.
[[0;32m  OK  [0m] Reached target Final Step.
         Starting Power-Off...
[[0;32m  OK  [0m] Stopped Monitoring of LVM2 mirrors,â€¦sing dmeventd or progress polling.
         Stopping LVM2 metadata daemon...
[[0;32m  OK  [0m] Stopped LVM2 metadata daemon.
[  285.888228] reboot: Power down
